Archive member included to satisfy reference by file (symbol)

/home/jona/Desktop/Risc-V/install/rv32i/lib/gcc/riscv32-unknown-elf/11.1.0/libgcc.a(_clzsi2.o)
                              ./output/tasks.o (__clzsi2)
/home/jona/Desktop/Risc-V/install/rv32i/lib/gcc/riscv32-unknown-elf/11.1.0/libgcc.a(_clz.o)
                              /home/jona/Desktop/Risc-V/install/rv32i/lib/gcc/riscv32-unknown-elf/11.1.0/libgcc.a(_clzsi2.o) (__clz_tab)
/home/jona/Desktop/Risc-V/install/rv32i/lib/gcc/riscv32-unknown-elf/11.1.0/../../../../riscv32-unknown-elf/lib/libc.a(lib_a-memcmp.o)
                              ./output/MessageBufferDemo.o (memcmp)
/home/jona/Desktop/Risc-V/install/rv32i/lib/gcc/riscv32-unknown-elf/11.1.0/../../../../riscv32-unknown-elf/lib/libc.a(lib_a-memcpy.o)
                              ./output/queue.o (memcpy)
/home/jona/Desktop/Risc-V/install/rv32i/lib/gcc/riscv32-unknown-elf/11.1.0/../../../../riscv32-unknown-elf/lib/libc.a(lib_a-memset.o)
                              ./output/tasks.o (memset)
/home/jona/Desktop/Risc-V/install/rv32i/lib/gcc/riscv32-unknown-elf/11.1.0/../../../../riscv32-unknown-elf/lib/libc.a(lib_a-strcmp.o)
                              ./output/MessageBufferAMP.o (strcmp)
/home/jona/Desktop/Risc-V/install/rv32i/lib/gcc/riscv32-unknown-elf/11.1.0/../../../../riscv32-unknown-elf/lib/libc.a(lib_a-strcpy.o)
                              ./output/tasks.o (strcpy)
/home/jona/Desktop/Risc-V/install/rv32i/lib/gcc/riscv32-unknown-elf/11.1.0/../../../../riscv32-unknown-elf/lib/libc.a(lib_a-strlen.o)
                              ./output/tasks.o (strlen)

Discarded input sections

 .group         0x0000000000000000        0xc ./output/tasks.o
 .group         0x0000000000000000        0xc ./output/tasks.o
 .group         0x0000000000000000        0xc ./output/tasks.o
 .group         0x0000000000000000        0xc ./output/tasks.o
 .group         0x0000000000000000        0xc ./output/tasks.o
 .group         0x0000000000000000        0xc ./output/tasks.o
 .group         0x0000000000000000        0xc ./output/tasks.o
 .group         0x0000000000000000        0xc ./output/tasks.o
 .group         0x0000000000000000        0xc ./output/tasks.o
 .group         0x0000000000000000        0xc ./output/tasks.o
 .group         0x0000000000000000        0xc ./output/tasks.o
 .group         0x0000000000000000        0xc ./output/tasks.o
 .group         0x0000000000000000        0xc ./output/tasks.o
 .group         0x0000000000000000        0xc ./output/tasks.o
 .group         0x0000000000000000        0xc ./output/tasks.o
 .group         0x0000000000000000        0xc ./output/tasks.o
 .group         0x0000000000000000        0xc ./output/tasks.o
 .group         0x0000000000000000        0xc ./output/tasks.o
 .group         0x0000000000000000        0xc ./output/tasks.o
 .group         0x0000000000000000        0xc ./output/tasks.o
 .group         0x0000000000000000        0xc ./output/tasks.o
 .group         0x0000000000000000        0xc ./output/tasks.o
 .group         0x0000000000000000        0xc ./output/tasks.o
 .group         0x0000000000000000        0xc ./output/tasks.o
 .group         0x0000000000000000        0xc ./output/tasks.o
 .group         0x0000000000000000        0xc ./output/tasks.o
 .group         0x0000000000000000        0xc ./output/tasks.o
 .group         0x0000000000000000        0xc ./output/tasks.o
 .group         0x0000000000000000        0xc ./output/tasks.o
 .group         0x0000000000000000        0xc ./output/tasks.o
 .group         0x0000000000000000        0xc ./output/tasks.o
 .group         0x0000000000000000        0xc ./output/tasks.o
 .group         0x0000000000000000        0xc ./output/tasks.o
 .group         0x0000000000000000        0xc ./output/tasks.o
 .group         0x0000000000000000        0xc ./output/tasks.o
 .group         0x0000000000000000        0xc ./output/tasks.o
 .group         0x0000000000000000        0xc ./output/tasks.o
 .group         0x0000000000000000        0xc ./output/tasks.o
 .group         0x0000000000000000        0xc ./output/tasks.o
 .group         0x0000000000000000        0xc ./output/tasks.o
 .group         0x0000000000000000        0xc ./output/tasks.o
 .group         0x0000000000000000        0xc ./output/tasks.o
 .group         0x0000000000000000        0xc ./output/tasks.o
 .group         0x0000000000000000        0xc ./output/tasks.o
 .group         0x0000000000000000        0xc ./output/tasks.o
 .group         0x0000000000000000        0xc ./output/tasks.o
 .group         0x0000000000000000        0xc ./output/tasks.o
 .group         0x0000000000000000        0xc ./output/tasks.o
 .group         0x0000000000000000        0xc ./output/tasks.o
 .group         0x0000000000000000        0xc ./output/tasks.o
 .group         0x0000000000000000        0xc ./output/tasks.o
 .group         0x0000000000000000        0xc ./output/tasks.o
 .group         0x0000000000000000        0xc ./output/tasks.o
[...]
Memory Configuration

Name             Origin             Length             Attributes
rom              0x0000000080000000 0x0000000000080000 axr
ram              0x0000000080080000 0x0000000000080000 axw
*default*        0x0000000000000000 0xffffffffffffffff

Linker script and memory map

LOAD ./output/tasks.o
LOAD ./output/list.o
LOAD ./output/queue.o
LOAD ./output/timers.o
LOAD ./output/event_groups.o
LOAD ./output/stream_buffer.o
LOAD ./output/heap_4.o
LOAD ./output/port.o
LOAD ./output/AbortDelay.o
LOAD ./output/BlockQ.o
LOAD ./output/blocktim.o
LOAD ./output/countsem.o
LOAD ./output/death.o
LOAD ./output/dynamic.o
LOAD ./output/EventGroupsDemo.o
LOAD ./output/GenQTest.o
LOAD ./output/integer.o
LOAD ./output/IntSemTest.o
LOAD ./output/MessageBufferAMP.o
LOAD ./output/MessageBufferDemo.o
LOAD ./output/PollQ.o
LOAD ./output/QPeek.o
LOAD ./output/QueueOverwrite.o
LOAD ./output/QueueSet.o
LOAD ./output/QueueSetPolling.o
LOAD ./output/recmutex.o
LOAD ./output/semtest.o
LOAD ./output/StaticAllocation.o
LOAD ./output/StreamBufferDemo.o
LOAD ./output/StreamBufferInterrupt.o
LOAD ./output/TaskNotify.o
LOAD ./output/TaskNotifyArray.o
LOAD ./output/TimerDemo.o
LOAD ./output/main.o
LOAD ./output/main_blinky.o
LOAD ./output/main_full.o
LOAD ./output/ns16550.o
LOAD ./output/riscv-virt.o
LOAD ./output/printf-stdarg.o
LOAD ./output/portASM.o
LOAD ./output/start.o
LOAD ./output/RegTest.o
LOAD ./output/vector.o
                0x000000000000015e                __stack_size = 0x15e
START GROUP
END GROUP
LOAD /home/jona/Desktop/Risc-V/install/rv32i/lib/gcc/riscv32-unknown-elf/11.1.0/libgcc.a
START GROUP
LOAD /home/jona/Desktop/Risc-V/install/rv32i/lib/gcc/riscv32-unknown-elf/11.1.0/../../../../riscv32-unknown-elf/lib/libc.a
LOAD /home/jona/Desktop/Risc-V/install/rv32i/lib/gcc/riscv32-unknown-elf/11.1.0/../../../../riscv32-unknown-elf/lib/libgloss.a
END GROUP
LOAD /home/jona/Desktop/Risc-V/install/rv32i/lib/gcc/riscv32-unknown-elf/11.1.0/libgcc.a

.init           0x0000000080000000       0x76
                0x0000000080000000                _text = .
 *(SORT_NONE(.init))
 .init          0x0000000080000000       0x76 ./output/start.o
                0x0000000080000000                _start

.text           0x0000000080000080     0xe650
 *(.text.unlikely .text.unlikely.*)
 *(.text.startup .text.startup.*)
 .text.startup.main
                0x0000000080000080       0x14 ./output/main.o
                0x0000000080000080                main
 *(.text .text.*)
 .text.prvSearchForNameWithinSingleList
                0x0000000080000094       0x5a ./output/tasks.o
 .text.prvAddNewTaskToReadyList
                0x00000000800000ee      0x136 ./output/tasks.o
 .text.prvAddCurrentTaskToDelayedList
                0x0000000080000224       0xce ./output/tasks.o
 .text.prvResetNextTaskUnblockTime
                0x00000000800002f2       0x20 ./output/tasks.o
 .text.prvTaskIsTaskSuspended
                0x0000000080000312       0x3c ./output/tasks.o
 .text.prvDeleteTCB
                0x000000008000034e       0x40 ./output/tasks.o
 .text.prvIdleTask
                0x000000008000038e       0x6a ./output/tasks.o
 .text.prvInitialiseNewTask.constprop.0
                0x00000000800003f8       0xc2 ./output/tasks.o
 .text.xTaskCreateStatic
                0x00000000800004ba       0xa8 ./output/tasks.o
                0x00000000800004ba                xTaskCreateStatic
 .text.xTaskCreate
                0x0000000080000562       0x7a ./output/tasks.o
                0x0000000080000562                xTaskCreate
 .text.vTaskDelete
                0x00000000800005dc       0xfa ./output/tasks.o
                0x00000000800005dc                vTaskDelete
 .text.eTaskGetState
                0x00000000800006d6       0x92 ./output/tasks.o
                0x00000000800006d6                eTaskGetState
 .text.uxTaskPriorityGet
                0x0000000080000768       0x1c ./output/tasks.o
                0x0000000080000768                uxTaskPriorityGet
 .text.vTaskPrioritySet
                0x0000000080000784      0x128 ./output/tasks.o
                0x0000000080000784                vTaskPrioritySet
 .text.vTaskResume
                0x00000000800008ac       0xb8 ./output/tasks.o
                0x00000000800008ac                vTaskResume
 .text.vTaskStartScheduler
                0x0000000080000964       0x7c ./output/tasks.o
                0x0000000080000964                vTaskStartScheduler
 .text.vTaskSuspendAll
                0x00000000800009e0       0x10 ./output/tasks.o
                0x00000000800009e0                vTaskSuspendAll
 .text.xTaskGetTickCount
                0x00000000800009f0        0x6 ./output/tasks.o
                0x00000000800009f0                xTaskGetTickCount
 .text.xTaskGetTickCountFromISR
                0x00000000800009f6        0x6 ./output/tasks.o
                0x00000000800009f6                xTaskGetTickCountFromISR
 .text.uxTaskGetNumberOfTasks
                0x00000000800009fc        0xa ./output/tasks.o
                0x00000000800009fc                uxTaskGetNumberOfTasks
 .text.xTaskIncrementTick
                0x0000000080000a06      0x1aa ./output/tasks.o
                0x0000000080000a06                xTaskIncrementTick
 .text.xTaskResumeAll
                0x0000000080000bb0      0x16c ./output/tasks.o
                0x0000000080000bb0                xTaskResumeAll
 .text.xTaskDelayUntil
                0x0000000080000d1c       0x8c ./output/tasks.o
                0x0000000080000d1c                xTaskDelayUntil
 .text.vTaskDelay
                0x0000000080000da8       0x44 ./output/tasks.o
                0x0000000080000da8                vTaskDelay
 .text.xTaskGetHandle
                0x0000000080000dec       0x9e ./output/tasks.o
                0x0000000080000dec                xTaskGetHandle
 .text.xTaskCatchUpTicks
                0x0000000080000e8a       0x48 ./output/tasks.o
                0x0000000080000e8a                xTaskCatchUpTicks
 .text.xTaskAbortDelay
                0x0000000080000ed2       0xca ./output/tasks.o
                0x0000000080000ed2                xTaskAbortDelay
 .text.vTaskSwitchContext
                0x0000000080000f9c       0xd0 ./output/tasks.o
                0x0000000080000f9c                vTaskSwitchContext
 .text.vTaskSuspend
                0x000000008000106c      0x142 ./output/tasks.o
                0x000000008000106c                vTaskSuspend
 .text.vTaskPlaceOnEventList
                0x00000000800011ae       0x40 ./output/tasks.o
                0x00000000800011ae                vTaskPlaceOnEventList
 .text.vTaskPlaceOnUnorderedEventList
                0x00000000800011ee       0x88 ./output/tasks.o
                0x00000000800011ee                vTaskPlaceOnUnorderedEventList
 .text.vTaskPlaceOnEventListRestricted
                0x0000000080001276       0x68 ./output/tasks.o
                0x0000000080001276                vTaskPlaceOnEventListRestricted
 .text.xTaskRemoveFromEventList
                0x00000000800012de       0xd4 ./output/tasks.o
                0x00000000800012de                xTaskRemoveFromEventList
 .text.vTaskRemoveFromUnorderedEventList
                0x00000000800013b2       0xd4 ./output/tasks.o
                0x00000000800013b2                vTaskRemoveFromUnorderedEventList
 .text.vTaskSetTimeOutState
                0x0000000080001486       0x42 ./output/tasks.o
                0x0000000080001486                vTaskSetTimeOutState
 .text.vTaskInternalSetTimeOutState
                0x00000000800014c8        0xe ./output/tasks.o
                0x00000000800014c8                vTaskInternalSetTimeOutState
 .text.xTaskCheckForTimeOut
                0x00000000800014d6       0xb4 ./output/tasks.o
                0x00000000800014d6                xTaskCheckForTimeOut
 .text.vTaskMissedYield
                0x000000008000158a        0x8 ./output/tasks.o
                0x000000008000158a                vTaskMissedYield
 .text.xTaskGetCurrentTaskHandle
                0x0000000080001592        0xa ./output/tasks.o
                0x0000000080001592                xTaskGetCurrentTaskHandle
 .text.xTaskGetSchedulerState
                0x000000008000159c       0x18 ./output/tasks.o
                0x000000008000159c                xTaskGetSchedulerState
 .text.xTaskPriorityInherit
                0x00000000800015b4       0xd4 ./output/tasks.o
                0x00000000800015b4                xTaskPriorityInherit
 .text.xTaskPriorityDisinherit
                0x0000000080001688       0xc2 ./output/tasks.o
                0x0000000080001688                xTaskPriorityDisinherit
 .text.vTaskPriorityDisinheritAfterTimeout
                0x000000008000174a       0xe4 ./output/tasks.o
                0x000000008000174a                vTaskPriorityDisinheritAfterTimeout
 .text.uxTaskResetEventItemValue
                0x000000008000182e       0x1a ./output/tasks.o
                0x000000008000182e                uxTaskResetEventItemValue
 .text.pvTaskIncrementMutexHeldCount
                0x0000000080001848       0x1c ./output/tasks.o
                0x0000000080001848                pvTaskIncrementMutexHeldCount
 .text.ulTaskGenericNotifyTake
                0x0000000080001864       0xcc ./output/tasks.o
                0x0000000080001864                ulTaskGenericNotifyTake
 .text.xTaskGenericNotifyWait
                0x0000000080001930      0x106 ./output/tasks.o
                0x0000000080001930                xTaskGenericNotifyWait
 .text.xTaskGenericNotify
                0x0000000080001a36      0x17e ./output/tasks.o
                0x0000000080001a36                xTaskGenericNotify
 .text.xTaskGenericNotifyFromISR
                0x0000000080001bb4      0x1a2 ./output/tasks.o
                0x0000000080001bb4                xTaskGenericNotifyFromISR
 .text.vTaskGenericNotifyGiveFromISR
                0x0000000080001d56      0x112 ./output/tasks.o
                0x0000000080001d56                vTaskGenericNotifyGiveFromISR
 .text.xTaskGenericNotifyStateClear
                0x0000000080001e68       0x5a ./output/tasks.o
                0x0000000080001e68                xTaskGenericNotifyStateClear
 .text.ulTaskGenericNotifyValueClear
                0x0000000080001ec2       0x2c ./output/tasks.o
                0x0000000080001ec2                ulTaskGenericNotifyValueClear
 .text.vListInitialise
                0x0000000080001eee       0x14 ./output/list.o
                0x0000000080001eee                vListInitialise
 .text.vListInitialiseItem
                0x0000000080001f02        0x6 ./output/list.o
                0x0000000080001f02                vListInitialiseItem
 .text.vListInsertEnd
                0x0000000080001f08       0x18 ./output/list.o
                0x0000000080001f08                vListInsertEnd
 .text.vListInsert
                0x0000000080001f20       0x2e ./output/list.o
                0x0000000080001f20                vListInsert
 .text.uxListRemove
                0x0000000080001f4e       0x20 ./output/list.o
                0x0000000080001f4e                uxListRemove
 .text.prvIsQueueEmpty
                0x0000000080001f6e       0x16 ./output/queue.o
 .text.prvCopyDataToQueue
                0x0000000080001f84       0x8a ./output/queue.o
 .text.prvCopyDataFromQueue
                0x000000008000200e       0x20 ./output/queue.o
 .text.prvNotifyQueueSetContainer
                0x000000008000202e       0xaa ./output/queue.o
 .text.prvUnlockQueue
                0x00000000800020d8       0xc6 ./output/queue.o
 .text.xQueueGenericReset
                0x000000008000219e       0xae ./output/queue.o
                0x000000008000219e                xQueueGenericReset
 .text.xQueueGenericCreateStatic
                0x000000008000224c       0x9a ./output/queue.o
                0x000000008000224c                xQueueGenericCreateStatic
 .text.xQueueGenericCreate
                0x00000000800022e6       0x78 ./output/queue.o
                0x00000000800022e6                xQueueGenericCreate
 .text.xQueueGetMutexHolder
                0x000000008000235e       0x38 ./output/queue.o
                0x000000008000235e                xQueueGetMutexHolder
 .text.xQueueGetMutexHolderFromISR
                0x0000000080002396       0x2a ./output/queue.o
                0x0000000080002396                xQueueGetMutexHolderFromISR
 .text.xQueueCreateCountingSemaphoreStatic
                0x00000000800023c0       0x38 ./output/queue.o
                0x00000000800023c0                xQueueCreateCountingSemaphoreStatic
 .text.xQueueCreateCountingSemaphore
                0x00000000800023f8       0x34 ./output/queue.o
                0x00000000800023f8                xQueueCreateCountingSemaphore
 .text.xQueueGenericSend
                0x000000008000242c      0x1b0 ./output/queue.o
                0x000000008000242c                xQueueGenericSend
 .text.xQueueCreateMutexStatic
                0x00000000800025dc       0x36 ./output/queue.o
                0x00000000800025dc                xQueueCreateMutexStatic
 .text.xQueueGiveMutexRecursive
                0x0000000080002612       0x4e ./output/queue.o
                0x0000000080002612                xQueueGiveMutexRecursive
 .text.xQueueCreateMutex
                0x0000000080002660       0x32 ./output/queue.o
                0x0000000080002660                xQueueCreateMutex
 .text.xQueueGenericSendFromISR
                0x0000000080002692       0xfc ./output/queue.o
                0x0000000080002692                xQueueGenericSendFromISR
 .text.xQueueGiveFromISR
                0x000000008000278e       0xc8 ./output/queue.o
                0x000000008000278e                xQueueGiveFromISR
 .text.xQueueReceive
                0x0000000080002856      0x16a ./output/queue.o
                0x0000000080002856                xQueueReceive
 .text.xQueueSemaphoreTake
                0x00000000800029c0      0x1ba ./output/queue.o
                0x00000000800029c0                xQueueSemaphoreTake
 .text.xQueueTakeMutexRecursive
                0x0000000080002b7a       0x52 ./output/queue.o
                0x0000000080002b7a                xQueueTakeMutexRecursive
 .text.xQueuePeek
                0x0000000080002bcc      0x164 ./output/queue.o
                0x0000000080002bcc                xQueuePeek
 .text.xQueueReceiveFromISR
                0x0000000080002d30       0xbc ./output/queue.o
                0x0000000080002d30                xQueueReceiveFromISR
 .text.xQueuePeekFromISR
                0x0000000080002dec       0x70 ./output/queue.o
                0x0000000080002dec                xQueuePeekFromISR
 .text.uxQueueMessagesWaiting
                0x0000000080002e5c       0x32 ./output/queue.o
                0x0000000080002e5c                uxQueueMessagesWaiting
 .text.uxQueueSpacesAvailable
                0x0000000080002e8e       0x38 ./output/queue.o
                0x0000000080002e8e                uxQueueSpacesAvailable
 .text.vQueueAddToRegistry
                0x0000000080002ec6       0x5e ./output/queue.o
                0x0000000080002ec6                vQueueAddToRegistry
 .text.vQueueUnregisterQueue
                0x0000000080002f24       0x4c ./output/queue.o
                0x0000000080002f24                vQueueUnregisterQueue
 .text.vQueueDelete
                0x0000000080002f70       0x3a ./output/queue.o
                0x0000000080002f70                vQueueDelete
 .text.vQueueWaitForMessageRestricted
                0x0000000080002faa       0x52 ./output/queue.o
                0x0000000080002faa                vQueueWaitForMessageRestricted
 .text.xQueueCreateSet
                0x0000000080002ffc        0x8 ./output/queue.o
                0x0000000080002ffc                xQueueCreateSet
 .text.xQueueAddToSet
                0x0000000080003004       0x20 ./output/queue.o
                0x0000000080003004                xQueueAddToSet
 .text.xQueueRemoveFromSet
                0x0000000080003024       0x28 ./output/queue.o
                0x0000000080003024                xQueueRemoveFromSet
 .text.xQueueSelectFromSet
                0x000000008000304c       0x16 ./output/queue.o
                0x000000008000304c                xQueueSelectFromSet
 .text.xQueueSelectFromSetFromISR
                0x0000000080003062       0x16 ./output/queue.o
                0x0000000080003062                xQueueSelectFromSetFromISR
 .text.prvCheckForValidListAndQueue
                0x0000000080003078       0x82 ./output/timers.o
 .text.prvInsertTimerInActiveList
                0x00000000800030fa       0x40 ./output/timers.o
 .text.prvReloadTimer
                0x000000008000313a       0x36 ./output/timers.o
 .text.prvProcessExpiredTimer
                0x0000000080003170       0x44 ./output/timers.o
 .text.prvSampleTimeNow
                0x00000000800031b4       0x5e ./output/timers.o
 .text.prvTimerTask
                0x0000000080003212      0x158 ./output/timers.o
 .text.xTimerCreateTimerTask
                0x000000008000336a       0x5c ./output/timers.o
                0x000000008000336a                xTimerCreateTimerTask
 .text.xTimerCreate
                0x00000000800033c6       0x7a ./output/timers.o
                0x00000000800033c6                xTimerCreate
 .text.xTimerCreateStatic
                0x0000000080003440       0xa4 ./output/timers.o
                0x0000000080003440                xTimerCreateStatic
 .text.xTimerGenericCommand
                0x00000000800034e4       0x7c ./output/timers.o
                0x00000000800034e4                xTimerGenericCommand
 .text.vTimerSetReloadMode
                0x0000000080003560       0x48 ./output/timers.o
                0x0000000080003560                vTimerSetReloadMode
 .text.xTimerGetReloadMode
                0x00000000800035a8       0x38 ./output/timers.o
                0x00000000800035a8                xTimerGetReloadMode
 .text.uxTimerGetReloadMode
                0x00000000800035e0        0x4 ./output/timers.o
                0x00000000800035e0                uxTimerGetReloadMode
 .text.pcTimerGetName
                0x00000000800035e4       0x24 ./output/timers.o
                0x00000000800035e4                pcTimerGetName
 .text.xTimerIsTimerActive
                0x0000000080003608       0x36 ./output/timers.o
                0x0000000080003608                xTimerIsTimerActive
 .text.pvTimerGetTimerID
                0x000000008000363e       0x32 ./output/timers.o
                0x000000008000363e                pvTimerGetTimerID
 .text.vTimerSetTimerID
                0x0000000080003670       0x38 ./output/timers.o
                0x0000000080003670                vTimerSetTimerID
 .text.xTimerPendFunctionCallFromISR
                0x00000000800036a8       0x24 ./output/timers.o
                0x00000000800036a8                xTimerPendFunctionCallFromISR
 .text.xEventGroupCreateStatic
                0x00000000800036cc       0x54 ./output/event_groups.o
                0x00000000800036cc                xEventGroupCreateStatic
 .text.xEventGroupCreate
                0x0000000080003720       0x2a ./output/event_groups.o
                0x0000000080003720                xEventGroupCreate
 .text.xEventGroupWaitBits
                0x000000008000374a      0x116 ./output/event_groups.o
                0x000000008000374a                xEventGroupWaitBits
 .text.xEventGroupClearBits
                0x0000000080003860       0x5c ./output/event_groups.o
                0x0000000080003860                xEventGroupClearBits
 .text.vEventGroupClearBitsCallback
                0x00000000800038bc        0x4 ./output/event_groups.o
                0x00000000800038bc                vEventGroupClearBitsCallback
 .text.xEventGroupClearBitsFromISR
                0x00000000800038c0       0x12 ./output/event_groups.o
                0x00000000800038c0                xEventGroupClearBitsFromISR
 .text.xEventGroupGetBitsFromISR
                0x00000000800038d2        0x4 ./output/event_groups.o
                0x00000000800038d2                xEventGroupGetBitsFromISR
 .text.xEventGroupSetBits
                0x00000000800038d6       0xbe ./output/event_groups.o
                0x00000000800038d6                xEventGroupSetBits
 .text.xEventGroupSync
                0x0000000080003994       0xf2 ./output/event_groups.o
                0x0000000080003994                xEventGroupSync
 .text.vEventGroupSetBitsCallback
                0x0000000080003a86        0x4 ./output/event_groups.o
                0x0000000080003a86                vEventGroupSetBitsCallback
 .text.vEventGroupDelete
                0x0000000080003a8a       0x72 ./output/event_groups.o
                0x0000000080003a8a                vEventGroupDelete
 .text.xEventGroupSetBitsFromISR
                0x0000000080003afc       0x12 ./output/event_groups.o
                0x0000000080003afc                xEventGroupSetBitsFromISR
 .text.prvBytesInBuffer
                0x0000000080003b0e       0x14 ./output/stream_buffer.o
 .text.prvWriteBytesToBuffer
                0x0000000080003b22       0xa0 ./output/stream_buffer.o
 .text.prvWriteMessageToBuffer
                0x0000000080003bc2       0x54 ./output/stream_buffer.o
 .text.prvReadBytesFromBuffer
                0x0000000080003c16       0x8e ./output/stream_buffer.o
 .text.prvReadMessageFromBuffer
                0x0000000080003ca4       0x5c ./output/stream_buffer.o
 .text.prvInitialiseNewStreamBuffer.constprop.0
                0x0000000080003d00       0x60 ./output/stream_buffer.o
 .text.xStreamBufferGenericCreate
                0x0000000080003d60       0x86 ./output/stream_buffer.o
                0x0000000080003d60                xStreamBufferGenericCreate
 .text.xStreamBufferGenericCreateStatic
                0x0000000080003de6       0xc4 ./output/stream_buffer.o
                0x0000000080003de6                xStreamBufferGenericCreateStatic
 .text.vStreamBufferDelete
                0x0000000080003eaa       0x40 ./output/stream_buffer.o
                0x0000000080003eaa                vStreamBufferDelete
 .text.xStreamBufferReset
                0x0000000080003eea       0x6c ./output/stream_buffer.o
                0x0000000080003eea                xStreamBufferReset
 .text.xStreamBufferSpacesAvailable
                0x0000000080003f56       0x3c ./output/stream_buffer.o
                0x0000000080003f56                xStreamBufferSpacesAvailable
 .text.xStreamBufferBytesAvailable
                0x0000000080003f92       0x26 ./output/stream_buffer.o
                0x0000000080003f92                xStreamBufferBytesAvailable
 .text.xStreamBufferSend
                0x0000000080003fb8      0x158 ./output/stream_buffer.o
                0x0000000080003fb8                xStreamBufferSend
 .text.xStreamBufferSendFromISR
                0x0000000080004110       0x94 ./output/stream_buffer.o
                0x0000000080004110                xStreamBufferSendFromISR
 .text.xStreamBufferReceive
                0x00000000800041a4      0x102 ./output/stream_buffer.o
                0x00000000800041a4                xStreamBufferReceive
 .text.xStreamBufferNextMessageLengthBytes
                0x00000000800042a6       0x5c ./output/stream_buffer.o
                0x00000000800042a6                xStreamBufferNextMessageLengthBytes
 .text.xStreamBufferReceiveFromISR
                0x0000000080004302       0x8a ./output/stream_buffer.o
                0x0000000080004302                xStreamBufferReceiveFromISR
 .text.xStreamBufferIsEmpty
                0x000000008000438c       0x2c ./output/stream_buffer.o
                0x000000008000438c                xStreamBufferIsEmpty
 .text.xStreamBufferIsFull
                0x00000000800043b8       0x3c ./output/stream_buffer.o
                0x00000000800043b8                xStreamBufferIsFull
 .text.prvInsertBlockIntoFreeList
                0x00000000800043f4       0x44 ./output/heap_4.o
 .text.pvPortMalloc
                0x0000000080004438      0x150 ./output/heap_4.o
                0x0000000080004438                pvPortMalloc
 .text.vPortFree
                0x0000000080004588       0x86 ./output/heap_4.o
                0x0000000080004588                vPortFree
 .text.vPortSetupTimerInterrupt
                0x000000008000460e       0x5e ./output/port.o
                0x000000008000460e                vPortSetupTimerInterrupt
 .text.xPortStartScheduler
                0x000000008000466c       0x32 ./output/port.o
                0x000000008000466c                xPortStartScheduler
 .text.prvCheckExpectedTimeIsWithinAnAcceptableMargin
                0x000000008000469e       0x32 ./output/AbortDelay.o
 .text.prvBlockingTask
                0x00000000800046d0      0x434 ./output/AbortDelay.o
 .text.prvControllingTask
                0x0000000080004b04       0xa2 ./output/AbortDelay.o
 .text.vCreateAbortDelayTasks
                0x0000000080004ba6       0x44 ./output/AbortDelay.o
                0x0000000080004ba6                vCreateAbortDelayTasks
 .text.xAreAbortDelayTestTasksStillRunning
                0x0000000080004bea       0x52 ./output/AbortDelay.o
                0x0000000080004bea                xAreAbortDelayTestTasksStillRunning
 .text.vSecondaryBlockTimeTestTask
                0x0000000080004c3c       0xc0 ./output/blocktim.o
 .text.vPrimaryBlockTimeTestTask
                0x0000000080004cfc      0x300 ./output/blocktim.o
 .text.vCreateBlockTimeTasks
                0x0000000080004ffc       0x68 ./output/blocktim.o
                0x0000000080004ffc                vCreateBlockTimeTasks
 .text.xAreBlockTimeTestTasksStillRunning
                0x0000000080005064       0x52 ./output/blocktim.o
                0x0000000080005064                xAreBlockTimeTestTasksStillRunning
 .text.prvDecrementSemaphoreCount
                0x00000000800050b6       0xa6 ./output/countsem.o
 .text.prvCountingSemaphoreTask
                0x000000008000515c       0xb6 ./output/countsem.o
 .text.vStartCountingSemaphoreTasks
                0x0000000080005212       0xb8 ./output/countsem.o
                0x0000000080005212                vStartCountingSemaphoreTasks
 .text.xAreCountingSemaphoreTasksStillRunning
                0x00000000800052ca       0x3c ./output/countsem.o
                0x00000000800052ca                xAreCountingSemaphoreTasksStillRunning
 .text.vCreateTasks
                0x0000000080005306       0x84 ./output/death.o
 .text.vSuicidalTask
                0x000000008000538a       0x42 ./output/death.o
 .text.vCreateSuicidalTasks
                0x00000000800053cc       0x1e ./output/death.o
                0x00000000800053cc                vCreateSuicidalTasks
 .text.xIsCreateTaskStillRunning
                0x00000000800053ea       0x4c ./output/death.o
                0x00000000800053ea                xIsCreateTaskStillRunning
 .text.vQueueReceiveWhenSuspendedTask
                0x0000000080005436       0x5c ./output/dynamic.o
 .text.vQueueSendWhenSuspendedTask
                0x0000000080005492       0x4e ./output/dynamic.o
 .text.vLimitedIncrementTask
                0x00000000800054e0       0x28 ./output/dynamic.o
 .text.vCounterControlTask
                0x0000000080005508      0x10e ./output/dynamic.o
 .text.vContinuousIncrementTask
                0x0000000080005616       0x62 ./output/dynamic.o
 .text.vStartDynamicPriorityTasks
                0x0000000080005678       0xce ./output/dynamic.o
                0x0000000080005678                vStartDynamicPriorityTasks
 .text.xAreDynamicPriorityTasksStillRunning
                0x0000000080005746       0x5a ./output/dynamic.o
                0x0000000080005746                xAreDynamicPriorityTasksStillRunning
 .text.prvSyncTask
                0x00000000800057a0       0xc4 ./output/EventGroupsDemo.o
 .text.prvTestSlaveTask
                0x0000000080005864      0x10e ./output/EventGroupsDemo.o
 .text.prvTestMasterTask
                0x0000000080005972      0x43a ./output/EventGroupsDemo.o
 .text.vStartEventGroupTasks
                0x0000000080005dac       0xbe ./output/EventGroupsDemo.o
                0x0000000080005dac                vStartEventGroupTasks
 .text.vPeriodicEventGroupsProcessing
                0x0000000080005e6a       0xa6 ./output/EventGroupsDemo.o
                0x0000000080005e6a                vPeriodicEventGroupsProcessing
 .text.xAreEventGroupTasksStillRunning
                0x0000000080005f10       0x56 ./output/EventGroupsDemo.o
                0x0000000080005f10                xAreEventGroupTasksStillRunning
 .text.prvMediumPriorityMutexTask
                0x0000000080005f66       0x18 ./output/GenQTest.o
 .text.prvHighPriorityMutexTask
                0x0000000080005f7e       0x4c ./output/GenQTest.o
 .text.prvLowPriorityMutexTask
                0x0000000080005fca      0x3a6 ./output/GenQTest.o
 .text.prvSendFrontAndBackTest
                0x0000000080006370      0x268 ./output/GenQTest.o
 .text.vStartGenericQueueTasks
                0x00000000800065d8       0xe4 ./output/GenQTest.o
                0x00000000800065d8                vStartGenericQueueTasks
 .text.xAreGenericQueueTasksStillRunning
                0x00000000800066bc       0x4a ./output/GenQTest.o
                0x00000000800066bc                xAreGenericQueueTasksStillRunning
 .text.vInterruptCountingSemaphoreTask
                0x0000000080006706       0xb4 ./output/IntSemTest.o
 .text.vInterruptMutexMasterTask
                0x00000000800067ba      0x250 ./output/IntSemTest.o
 .text.vInterruptMutexSlaveTask
                0x0000000080006a0a       0x44 ./output/IntSemTest.o
 .text.vStartInterruptSemaphoreTasks
                0x0000000080006a4e       0xba ./output/IntSemTest.o
                0x0000000080006a4e                vStartInterruptSemaphoreTasks
 .text.vInterruptSemaphorePeriodicTest
                0x0000000080006b08       0x8c ./output/IntSemTest.o
                0x0000000080006b08                vInterruptSemaphorePeriodicTest
 .text.xAreInterruptSemaphoreTasksStillRunning
                0x0000000080006b94       0x52 ./output/IntSemTest.o
                0x0000000080006b94                xAreInterruptSemaphoreTasksStillRunning
 .text.prvCoreBTasks
                0x0000000080006be6       0x9c ./output/MessageBufferAMP.o
 .text.prvCoreATask
                0x0000000080006c82       0x50 ./output/MessageBufferAMP.o
 .text.vStartMessageBufferAMPTasks
                0x0000000080006cd2       0xa2 ./output/MessageBufferAMP.o
                0x0000000080006cd2                vStartMessageBufferAMPTasks
 .text.xAreMessageBufferAMPTasksStillRunning
                0x0000000080006d74       0x38 ./output/MessageBufferAMP.o
                0x0000000080006d74                xAreMessageBufferAMPTasksStillRunning
 .text.prvSpaceAvailableCoherenceTester
                0x0000000080006dac       0x4c ./output/MessageBufferDemo.o
 .text.prvSpaceAvailableCoherenceActor
                0x0000000080006df8       0x6a ./output/MessageBufferDemo.o
 .text.prvReceiverTask
                0x0000000080006e62       0x58 ./output/MessageBufferDemo.o
 .text.prvNonBlockingSenderTask
                0x0000000080006eba       0x6e ./output/MessageBufferDemo.o
 .text.prvNonBlockingReceiverTask
                0x0000000080006f28       0xa2 ./output/MessageBufferDemo.o
 .text.prvEchoClient
                0x0000000080006fca       0xf6 ./output/MessageBufferDemo.o
 .text.prvSingleTaskTests
                0x00000000800070c0      0x55a ./output/MessageBufferDemo.o
 .text.prvSenderTask
                0x000000008000761a      0x10c ./output/MessageBufferDemo.o
 .text.prvEchoServer
                0x0000000080007726      0x140 ./output/MessageBufferDemo.o
 .text.vStartMessageBufferTasks
                0x0000000080007866      0x13e ./output/MessageBufferDemo.o
                0x0000000080007866                vStartMessageBufferTasks
 .text.xAreMessageBufferTasksStillRunning
                0x00000000800079a4       0x82 ./output/MessageBufferDemo.o
                0x00000000800079a4                xAreMessageBufferTasksStillRunning
 .text.vPolledQueueProducer
                0x0000000080007a26       0x68 ./output/PollQ.o
 .text.vPolledQueueConsumer
                0x0000000080007a8e       0x70 ./output/PollQ.o
 .text.vStartPolledQueueTasks
                0x0000000080007afe       0x78 ./output/PollQ.o
                0x0000000080007afe                vStartPolledQueueTasks
 .text.xArePollingQueuesStillRunning
                0x0000000080007b76       0x1c ./output/PollQ.o
                0x0000000080007b76                xArePollingQueuesStillRunning
 .text.prvHighestPriorityPeekTask
                0x0000000080007b92       0xb8 ./output/QPeek.o
 .text.prvHighPriorityPeekTask
                0x0000000080007c4a       0x70 ./output/QPeek.o
 .text.prvMediumPriorityPeekTask
                0x0000000080007cba       0x58 ./output/QPeek.o
 .text.prvLowPriorityPeekTask
                0x0000000080007d12       0xdc ./output/QPeek.o
 .text.vStartQueuePeekTasks
                0x0000000080007dee       0xac ./output/QPeek.o
                0x0000000080007dee                vStartQueuePeekTasks
 .text.xAreQueuePeekTasksStillRunning
                0x0000000080007e9a       0x2c ./output/QPeek.o
                0x0000000080007e9a                xAreQueuePeekTasksStillRunning
 .text.prvQueueOverwriteTask
                0x0000000080007ec6       0xb8 ./output/QueueOverwrite.o
 .text.vStartQueueOverwriteTask
                0x0000000080007f7e       0x36 ./output/QueueOverwrite.o
                0x0000000080007f7e                vStartQueueOverwriteTask
 .text.xIsQueueOverwriteTaskStillRunning
                0x0000000080007fb4       0x1c ./output/QueueOverwrite.o
                0x0000000080007fb4                xIsQueueOverwriteTaskStillRunning
 .text.vQueueOverwritePeriodicISRDemo
                0x0000000080007fd0       0x9e ./output/QueueOverwrite.o
                0x0000000080007fd0                vQueueOverwritePeriodicISRDemo
 .text.prvQueueSetSendingTask
                0x000000008000806e      0x106 ./output/QueueSet.o
 .text.prvCheckReceivedValueWithinExpectedRange
                0x0000000080008174       0x3c ./output/QueueSet.o
 .text.prvCheckReceivedValue
                0x00000000800081b0       0xae ./output/QueueSet.o
 .text.prvQueueSetReceivingTask
                0x000000008000825e      0x5d6 ./output/QueueSet.o
 .text.vStartQueueSetTasks
                0x0000000080008834       0x60 ./output/QueueSet.o
                0x0000000080008834                vStartQueueSetTasks
 .text.xAreQueueSetTasksStillRunning
                0x0000000080008894       0x6a ./output/QueueSet.o
                0x0000000080008894                xAreQueueSetTasksStillRunning
 .text.vQueueSetAccessQueueSetFromISR
                0x00000000800088fe       0xa2 ./output/QueueSet.o
                0x00000000800088fe                vQueueSetAccessQueueSetFromISR
 .text.prvQueueSetReceivingTask
                0x00000000800089a0       0x56 ./output/QueueSetPolling.o
 .text.vStartQueueSetPollingTask
                0x00000000800089f6       0x58 ./output/QueueSetPolling.o
                0x00000000800089f6                vStartQueueSetPollingTask
 .text.vQueueSetPollingInterruptAccess
                0x0000000080008a4e       0x46 ./output/QueueSetPolling.o
                0x0000000080008a4e                vQueueSetPollingInterruptAccess
 .text.xAreQueueSetPollTasksStillRunning
                0x0000000080008a94       0x1c ./output/QueueSetPolling.o
                0x0000000080008a94                xAreQueueSetPollTasksStillRunning
 .text.prvRecursiveMutexPollingTask
                0x0000000080008ab0      0x13a ./output/recmutex.o
 .text.prvRecursiveMutexBlockingTask
                0x0000000080008bea       0x80 ./output/recmutex.o
 .text.prvRecursiveMutexControllingTask
                0x0000000080008c6a       0x92 ./output/recmutex.o
 .text.vStartRecursiveMutexTasks
                0x0000000080008cfc       0x84 ./output/recmutex.o
                0x0000000080008cfc                vStartRecursiveMutexTasks
 .text.xAreRecursiveMutexTasksStillRunning
                0x0000000080008d80       0x5c ./output/recmutex.o
                0x0000000080008d80                xAreRecursiveMutexTasksStillRunning
 .text.prvSemaphoreTest
                0x0000000080008ddc       0xd8 ./output/semtest.o
 .text.vStartSemaphoreTasks
                0x0000000080008eb4      0x118 ./output/semtest.o
                0x0000000080008eb4                vStartSemaphoreTasks
 .text.xAreSemaphoreTasksStillRunning
                0x0000000080008fcc       0x38 ./output/semtest.o
                0x0000000080008fcc                xAreSemaphoreTasksStillRunning
 .text.prvGetNextDelayTime
                0x0000000080009004       0x5a ./output/StaticAllocation.o
 .text.prvStaticallyAllocatedTask
                0x000000008000905e        0x6 ./output/StaticAllocation.o
 .text.prvSanityCheckCreatedQueue
                0x0000000080009064       0xce ./output/StaticAllocation.o
 .text.prvSanityCheckCreatedSemaphore
                0x0000000080009132      0x11c ./output/StaticAllocation.o
 .text.prvSanityCheckCreatedRecursiveMutex
                0x000000008000924e       0x6c ./output/StaticAllocation.o
 .text.prvSanityCheckCreatedEventGroup
                0x00000000800092ba       0x7e ./output/StaticAllocation.o
 .text.prvStaticallyAllocatedCreator
                0x0000000080009338      0x43c ./output/StaticAllocation.o
 .text.prvTimerCallback
                0x0000000080009774       0x38 ./output/StaticAllocation.o
 .text.vStartStaticallyAllocatedTasks
                0x00000000800097ac       0x2c ./output/StaticAllocation.o
                0x00000000800097ac                vStartStaticallyAllocatedTasks
 .text.xAreStaticAllocationTasksStillRunning
                0x00000000800097d8       0x26 ./output/StaticAllocation.o
                0x00000000800097d8                xAreStaticAllocationTasksStillRunning
 .text.prvNonBlockingReceiverTask
                0x00000000800097fe       0x96 ./output/StreamBufferDemo.o
 .text.prvCheckExpectedState
                0x0000000080009894       0x22 ./output/StreamBufferDemo.o
 .text.prvReceiverTask
                0x00000000800098b6       0x62 ./output/StreamBufferDemo.o
 .text.prvNonBlockingSenderTask
                0x0000000080009918       0x52 ./output/StreamBufferDemo.o
 .text.prvInterruptTriggerLevelTest
                0x000000008000996a      0x10a ./output/StreamBufferDemo.o
 .text.prvSingleTaskTests
                0x0000000080009a74      0x7dc ./output/StreamBufferDemo.o
 .text.prvSenderTask
                0x000000008000a250      0x112 ./output/StreamBufferDemo.o
 .text.prvEchoServer
                0x000000008000a362      0x100 ./output/StreamBufferDemo.o
 .text.prvEchoClient
                0x000000008000a462      0x20c ./output/StreamBufferDemo.o
 .text.vStartStreamBufferTasks
                0x000000008000a66e       0xe6 ./output/StreamBufferDemo.o
                0x000000008000a66e                vStartStreamBufferTasks
 .text.vPeriodicStreamBufferProcessing
                0x000000008000a754       0x44 ./output/StreamBufferDemo.o
                0x000000008000a754                vPeriodicStreamBufferProcessing
 .text.xAreStreamBufferTasksStillRunning
                0x000000008000a798       0xa0 ./output/StreamBufferDemo.o
                0x000000008000a798                xAreStreamBufferTasksStillRunning
 .text.prvReceivingTask
                0x000000008000a838       0xc6 ./output/StreamBufferInterrupt.o
 .text.vStartStreamBufferInterruptDemo
                0x000000008000a8fe       0x3a ./output/StreamBufferInterrupt.o
                0x000000008000a8fe                vStartStreamBufferInterruptDemo
 .text.vBasicStreamBufferSendFromISR
                0x000000008000a938       0x54 ./output/StreamBufferInterrupt.o
                0x000000008000a938                vBasicStreamBufferSendFromISR
 .text.xIsInterruptStreamBufferDemoStillRunning
                0x000000008000a98c       0x12 ./output/StreamBufferInterrupt.o
                0x000000008000a98c                xIsInterruptStreamBufferDemoStillRunning
 .text.prvRand  0x000000008000a99e       0x1c ./output/TaskNotify.o
 .text.prvNotifyingTimer
                0x000000008000a9ba       0x32 ./output/TaskNotify.o
 .text.prvNotifiedTask
                0x000000008000a9ec      0x84a ./output/TaskNotify.o
 .text.prvSuspendedTaskTimerTestCallback
                0x000000008000b236       0x78 ./output/TaskNotify.o
 .text.vStartTaskNotifyTask
                0x000000008000b2ae       0x36 ./output/TaskNotify.o
                0x000000008000b2ae                vStartTaskNotifyTask
 .text.xNotifyTaskFromISR
                0x000000008000b2e4       0xc4 ./output/TaskNotify.o
                0x000000008000b2e4                xNotifyTaskFromISR
 .text.xAreTaskNotificationTasksStillRunning
                0x000000008000b3a8       0x3a ./output/TaskNotify.o
                0x000000008000b3a8                xAreTaskNotificationTasksStillRunning
 .text.prvRand  0x000000008000b3e2       0x1c ./output/TaskNotifyArray.o
 .text.prvNotifyingTimerCallback
                0x000000008000b3fe       0x34 ./output/TaskNotifyArray.o
 .text.prvNotifiedTask
                0x000000008000b432      0xca8 ./output/TaskNotifyArray.o
 .text.prvSuspendedTaskTimerTestCallback
                0x000000008000c0da       0x98 ./output/TaskNotifyArray.o
 .text.vStartTaskNotifyArrayTask
                0x000000008000c172       0xa8 ./output/TaskNotifyArray.o
                0x000000008000c172                vStartTaskNotifyArrayTask
 .text.xNotifyArrayTaskFromISR
                0x000000008000c21a       0xca ./output/TaskNotifyArray.o
                0x000000008000c21a                xNotifyArrayTaskFromISR
 .text.xAreTaskNotificationArrayTasksStillRunning
                0x000000008000c2e4       0x50 ./output/TaskNotifyArray.o
                0x000000008000c2e4                xAreTaskNotificationArrayTasksStillRunning
 .text.prvISRAutoReloadTimerCallback
                0x000000008000c334       0x10 ./output/TimerDemo.o
 .text.prvISROneShotTimerCallback
                0x000000008000c344       0x10 ./output/TimerDemo.o
 .text.prvOneShotTimerCallback
                0x000000008000c354       0x5a ./output/TimerDemo.o
 .text.prvTimerTestTask
                0x000000008000c3ae      0x76a ./output/TimerDemo.o
 .text.prvAutoReloadTimerCallback
                0x000000008000cb18       0x78 ./output/TimerDemo.o
 .text.vStartTimerDemoTask
                0x000000008000cb90      0x1fe ./output/TimerDemo.o
                0x000000008000cb90                vStartTimerDemoTask
 .text.xAreTimerDemoTasksStillRunning
                0x000000008000cd8e       0x64 ./output/TimerDemo.o
                0x000000008000cd8e                xAreTimerDemoTasksStillRunning
 .text.vTimerPeriodicISRTests
                0x000000008000cdf2      0x4ae ./output/TimerDemo.o
                0x000000008000cdf2                vTimerPeriodicISRTests
 .text.vApplicationMallocFailedHook
                0x000000008000d2a0       0x16 ./output/main.o
                0x000000008000d2a0                vApplicationMallocFailedHook
 .text.vApplicationStackOverflowHook
                0x000000008000d2b6       0x16 ./output/main.o
                0x000000008000d2b6                vApplicationStackOverflowHook
 .text.vApplicationTickHook
                0x000000008000d2cc        0x2 ./output/main.o
                0x000000008000d2cc                vApplicationTickHook
 .text.vAssertCalled
                0x000000008000d2ce       0x42 ./output/main.o
                0x000000008000d2ce                vAssertCalled
 .text.vApplicationGetIdleTaskMemory
                0x000000008000d310       0x1c ./output/main.o
                0x000000008000d310                vApplicationGetIdleTaskMemory
 .text.vApplicationGetTimerTaskMemory
                0x000000008000d32c       0x1c ./output/main.o
                0x000000008000d32c                vApplicationGetTimerTaskMemory
 .text.prvCheckTask
                0x000000008000d348      0x2ce ./output/main_full.o
 .text.prvRegTestTaskEntry2
                0x000000008000d616       0x22 ./output/main_full.o
 .text.prvRegTestTaskEntry1
                0x000000008000d638       0x22 ./output/main_full.o
 .text.main_full
                0x000000008000d65a       0xe2 ./output/main_full.o
                0x000000008000d65a                main_full
 .text.vFullDemoTickHookFunction
                0x000000008000d73c       0x30 ./output/main_full.o
                0x000000008000d73c                vFullDemoTickHookFunction
 .text.vOutNS16550
                0x000000008000d76c       0x14 ./output/ns16550.o
                0x000000008000d76c                vOutNS16550
 .text.printchar
                0x000000008000d780       0x24 ./output/printf-stdarg.o
 .text.prints   0x000000008000d7a4       0xbc ./output/printf-stdarg.o
 .text.printi   0x000000008000d860       0xbc ./output/printf-stdarg.o
 .text.tiny_print
                0x000000008000d91c      0x188 ./output/printf-stdarg.o
 .text.printf   0x000000008000daa4       0x26 ./output/printf-stdarg.o
                0x000000008000daa4                printf
 .text.sprintf  0x000000008000daca       0x24 ./output/printf-stdarg.o
                0x000000008000daca                sprintf
 .text          0x000000008000daee       0xba ./output/portASM.o
                0x000000008000daee                pxPortInitialiseStack
                0x000000008000db32                xPortStartFirstTask
                0x000000008000db8c                freertos_risc_v_application_exception_handler
                0x000000008000db9a                freertos_risc_v_application_interrupt_handler
 .text.freertos_risc_v_exception_handler
                0x000000008000dba8      0x136 ./output/portASM.o
                0x000000008000dba8                freertos_risc_v_exception_handler
 .text.freertos_risc_v_interrupt_handler
                0x000000008000dcde       0xc8 ./output/portASM.o
                0x000000008000dcde                freertos_risc_v_interrupt_handler
 .text.freertos_risc_v_mtimer_interrupt_handler
                0x000000008000dda6       0xfc ./output/portASM.o
                0x000000008000dda6                freertos_risc_v_mtimer_interrupt_handler
 *fill*         0x000000008000dea2        0xe 
 .text          0x000000008000deb0      0x272 ./output/RegTest.o
                0x000000008000deb0                vRegTest1Implementation
                0x000000008000dfb0                vRegTest2Implementation
 *fill*         0x000000008000e122       0x5e 
 .text          0x000000008000e180       0x80 ./output/vector.o
                0x000000008000e180                freertos_vector_table
 .text          0x000000008000e200       0x4c /home/jona/Desktop/Risc-V/install/rv32i/lib/gcc/riscv32-unknown-elf/11.1.0/libgcc.a(_clzsi2.o)
                0x000000008000e200                __clzsi2
 .text          0x000000008000e24c       0x78 /home/jona/Desktop/Risc-V/install/rv32i/lib/gcc/riscv32-unknown-elf/11.1.0/../../../../riscv32-unknown-elf/lib/libc.a(lib_a-memcmp.o)
                0x000000008000e24c                memcmp
 .text          0x000000008000e2c4      0x128 /home/jona/Desktop/Risc-V/install/rv32i/lib/gcc/riscv32-unknown-elf/11.1.0/../../../../riscv32-unknown-elf/lib/libc.a(lib_a-memcpy.o)
                0x000000008000e2c4                memcpy
 .text          0x000000008000e3ec       0xdc /home/jona/Desktop/Risc-V/install/rv32i/lib/gcc/riscv32-unknown-elf/11.1.0/../../../../riscv32-unknown-elf/lib/libc.a(lib_a-memset.o)
                0x000000008000e3ec                memset
 .text          0x000000008000e4c8      0x17c /home/jona/Desktop/Risc-V/install/rv32i/lib/gcc/riscv32-unknown-elf/11.1.0/../../../../riscv32-unknown-elf/lib/libc.a(lib_a-strcmp.o)
                0x000000008000e4c8                strcmp
 .text          0x000000008000e644       0x8c /home/jona/Desktop/Risc-V/install/rv32i/lib/gcc/riscv32-unknown-elf/11.1.0/../../../../riscv32-unknown-elf/lib/libc.a(lib_a-strlen.o)
                0x000000008000e644                strlen
 *(.gnu.linkonce.t.*)

.fini           0x000000008000e6d0        0x0
 *(SORT_NONE(.fini))
                0x000000008000e6d0                _etext = .

.rodata.align   0x000000008000e6d0        0x0
                0x000000008000e6d0                . = ALIGN (0x4)
                0x000000008000e6d0                _rodata = .

.rodata.start   0x000000008000e6d0        0x0
                0x000000008000e6d0                _rodata_lma = LOADADDR (.rodata.start)

.rodata         0x000000008000e6d0     0x121c
 *(.rdata)
 *(.rodata .rodata.*)
 .rodata.prvTaskIsTaskSuspended.str1.4
                0x000000008000e6d0       0x1d ./output/tasks.o
 *fill*         0x000000008000e6ed        0x3 
 .rodata.vTaskStartScheduler.str1.4
                0x000000008000e6f0        0x5 ./output/tasks.o
 *fill*         0x000000008000e6f5        0x3 
 .rodata.xTaskGenericNotify
                0x000000008000e6f8       0x14 ./output/tasks.o
 .rodata.xTaskGenericNotifyFromISR
                0x000000008000e70c       0x14 ./output/tasks.o
 .rodata.prvNotifyQueueSetContainer.str1.4
                0x000000008000e720       0x1d ./output/queue.o
 *fill*         0x000000008000e73d        0x3 
 .rodata.prvCheckForValidListAndQueue.str1.4
                0x000000008000e740        0x5 ./output/timers.o
 *fill*         0x000000008000e745        0x3 
 .rodata.prvTimerTask.str1.4
                0x000000008000e748       0x1e ./output/timers.o
 *fill*         0x000000008000e766        0x2 
 .rodata.prvTimerTask
                0x000000008000e768       0x24 ./output/timers.o
 .rodata.xTimerCreateTimerTask.str1.4
                0x000000008000e78c        0x8 ./output/timers.o
 .rodata.xEventGroupCreateStatic.str1.4
                0x000000008000e794       0x24 ./output/event_groups.o
 .rodata.prvWriteBytesToBuffer.str1.4
                0x000000008000e7b8       0x25 ./output/stream_buffer.o
 *fill*         0x000000008000e7dd        0x3 
 .rodata.pvPortMalloc.str1.4
                0x000000008000e7e0       0x2f ./output/heap_4.o
 *fill*         0x000000008000e80f        0x1 
 .rodata.prvBlockingTask.str1.4
                0x000000008000e810       0x37 ./output/AbortDelay.o
 *fill*         0x000000008000e847        0x1 
 .rodata.prvBlockingTask
                0x000000008000e848       0x20 ./output/AbortDelay.o
 .rodata.prvControllingTask.str1.4
                0x000000008000e868        0x7 ./output/AbortDelay.o
 *fill*         0x000000008000e86f        0x1 
 .rodata.vCreateBlockTimeTasks.str1.4
                0x000000008000e870       0x23 ./output/blocktim.o
 *fill*         0x000000008000e893        0x1 
 .rodata.prvDecrementSemaphoreCount.str1.4
                0x000000008000e894       0x2d ./output/countsem.o
 *fill*         0x000000008000e8c1        0x3 
 .rodata.vStartCountingSemaphoreTasks.str1.4
                0x000000008000e8c4       0x2d ./output/countsem.o
 *fill*         0x000000008000e8f1        0x3 
 .rodata.vCreateTasks.str1.4
                0x000000008000e8f4       0x10 ./output/death.o
 .rodata.vCreateSuicidalTasks.str1.4
                0x000000008000e904        0x8 ./output/death.o
 .rodata.vCounterControlTask.str1.4
                0x000000008000e90c       0x2c ./output/dynamic.o
 .rodata.vStartDynamicPriorityTasks.str1.4
                0x000000008000e938       0x40 ./output/dynamic.o
 .rodata.prvSyncTask.str1.4
                0x000000008000e978       0x34 ./output/EventGroupsDemo.o
 .rodata.vStartEventGroupTasks.str1.4
                0x000000008000e9ac       0x15 ./output/EventGroupsDemo.o
 *fill*         0x000000008000e9c1        0x3 
 .rodata.prvLowPriorityMutexTask.str1.4
                0x000000008000e9c4       0x2d ./output/GenQTest.o
 *fill*         0x000000008000e9f1        0x3 
 .rodata.vStartGenericQueueTasks.str1.4
                0x000000008000e9f4       0x48 ./output/GenQTest.o
 .rodata.vInterruptMutexMasterTask.str1.4
                0x000000008000ea3c       0x2f ./output/IntSemTest.o
 *fill*         0x000000008000ea6b        0x1 
 .rodata.vStartInterruptSemaphoreTasks.str1.4
                0x000000008000ea6c       0x17 ./output/IntSemTest.o
 *fill*         0x000000008000ea83        0x1 
 .rodata.prvCoreBTasks.str1.4
                0x000000008000ea84       0x3c ./output/MessageBufferAMP.o
 .rodata.vStartMessageBufferAMPTasks.str1.4
                0x000000008000eac0       0x16 ./output/MessageBufferAMP.o
 *fill*         0x000000008000ead6        0x2 
 .rodata.prvSpaceAvailableCoherenceTester.str1.4
                0x000000008000ead8       0x36 ./output/MessageBufferDemo.o
 *fill*         0x000000008000eb0e        0x2 
 .rodata.prvSpaceAvailableCoherenceActor.str1.4
                0x000000008000eb10        0x6 ./output/MessageBufferDemo.o
 *fill*         0x000000008000eb16        0x2 
 .rodata.prvReceiverTask.str1.4
                0x000000008000eb18        0x3 ./output/MessageBufferDemo.o
 *fill*         0x000000008000eb1b        0x1 
 .rodata.prvSingleTaskTests.str1.4
                0x000000008000eb1c       0x37 ./output/MessageBufferDemo.o
 *fill*         0x000000008000eb53        0x1 
 .rodata.prvSenderTask.str1.4
                0x000000008000eb54        0xc ./output/MessageBufferDemo.o
 .rodata.prvEchoServer.str1.4
                0x000000008000eb60        0xb ./output/MessageBufferDemo.o
 *fill*         0x000000008000eb6b        0x1 
 .rodata.vStartMessageBufferTasks.str1.4
                0x000000008000eb6c       0x56 ./output/MessageBufferDemo.o
 *fill*         0x000000008000ebc2        0x2 
 .rodata.vStartPolledQueueTasks.str1.4
                0x000000008000ebc4       0x20 ./output/PollQ.o
 .rodata.vStartQueuePeekTasks.str1.4
                0x000000008000ebe4       0x33 ./output/QPeek.o
 *fill*         0x000000008000ec17        0x1 
 .rodata.prvQueueOverwriteTask.str1.4
                0x000000008000ec18       0x33 ./output/QueueOverwrite.o
 *fill*         0x000000008000ec4b        0x1 
 .rodata.vStartQueueOverwriteTask.str1.4
                0x000000008000ec4c        0x6 ./output/QueueOverwrite.o
 *fill*         0x000000008000ec52        0x2 
 .rodata.prvCheckReceivedValueWithinExpectedRange.str1.4
                0x000000008000ec54       0x2d ./output/QueueSet.o
 *fill*         0x000000008000ec81        0x3 
 .rodata.vStartQueueSetTasks.str1.4
                0x000000008000ec84        0xe ./output/QueueSet.o
 *fill*         0x000000008000ec92        0x2 
 .rodata.vStartQueueSetPollingTask.str1.4
                0x000000008000ec94        0x8 ./output/QueueSetPolling.o
 .rodata.prvRecursiveMutexPollingTask.str1.4
                0x000000008000ec9c       0x2d ./output/recmutex.o
 *fill*         0x000000008000ecc9        0x3 
 .rodata.vStartRecursiveMutexTasks.str1.4
                0x000000008000eccc       0x25 ./output/recmutex.o
 *fill*         0x000000008000ecf1        0x3 
 .rodata.vStartSemaphoreTasks.str1.4
                0x000000008000ecf4       0x20 ./output/semtest.o
                                         0x3f (size before relaxing)
 .rodata.prvSanityCheckCreatedSemaphore.str1.4
                0x000000008000ed14       0x35 ./output/StaticAllocation.o
 *fill*         0x000000008000ed49        0x3 
 .rodata.prvStaticallyAllocatedCreator.str1.4
                0x000000008000ed4c        0xb ./output/StaticAllocation.o
 *fill*         0x000000008000ed57        0x1 
 .rodata.vStartStaticallyAllocatedTasks.str1.4
                0x000000008000ed58        0xb ./output/StaticAllocation.o
 *fill*         0x000000008000ed63        0x1 
 .rodata.prvNonBlockingReceiverTask.str1.4
                0x000000008000ed64       0x37 ./output/StreamBufferDemo.o
 *fill*         0x000000008000ed9b        0x1 
 .rodata.prvCheckExpectedState.str1.4
                0x000000008000ed9c       0x35 ./output/StreamBufferDemo.o
 *fill*         0x000000008000edd1        0x3 
 .rodata.prvReceiverTask.str1.4
                0x000000008000edd4       0x38 ./output/StreamBufferDemo.o
 .rodata.prvInterruptTriggerLevelTest.str1.4
                0x000000008000ee0c        0xb ./output/StreamBufferDemo.o
 *fill*         0x000000008000ee17        0x1 
 .rodata.prvSenderTask.str1.4
                0x000000008000ee18        0xc ./output/StreamBufferDemo.o
 .rodata.prvEchoServer.str1.4
                0x000000008000ee24        0xb ./output/StreamBufferDemo.o
 .rodata.vStartStreamBufferTasks.str1.4
                0x000000008000ee24       0x57 ./output/StreamBufferDemo.o
 *fill*         0x000000008000ee7b        0x1 
 .rodata.prvReceivingTask.str1.4
                0x000000008000ee7c       0x4b ./output/StreamBufferInterrupt.o
 *fill*         0x000000008000eec7        0x1 
 .rodata.vStartStreamBufferInterruptDemo.str1.4
                0x000000008000eec8        0x9 ./output/StreamBufferInterrupt.o
 *fill*         0x000000008000eed1        0x3 
 .rodata.vBasicStreamBufferSendFromISR.str1.4
                0x000000008000eed4       0x19 ./output/StreamBufferInterrupt.o
 *fill*         0x000000008000eeed        0x3 
 .rodata.prvNotifiedTask.str1.4
                0x000000008000eef0       0x49 ./output/TaskNotify.o
 *fill*         0x000000008000ef39        0x3 
 .rodata.vStartTaskNotifyTask.str1.4
                0x000000008000ef3c        0x9 ./output/TaskNotify.o
 *fill*         0x000000008000ef45        0x3 
 .rodata.prvNotifiedTask.str1.4
                0x000000008000ef48       0x34 ./output/TaskNotifyArray.o
 .rodata.vStartTaskNotifyArrayTask.str1.4
                0x000000008000ef7c        0xd ./output/TaskNotifyArray.o
                                         0x29 (size before relaxing)
 *fill*         0x000000008000ef89        0x3 
 .rodata.prvOneShotTimerCallback.str1.4
                0x000000008000ef8c       0x2e ./output/TimerDemo.o
 *fill*         0x000000008000efba        0x2 
 .rodata.prvTimerTestTask.str1.4
                0x000000008000efbc        0xe ./output/TimerDemo.o
 *fill*         0x000000008000efca        0x2 
 .rodata.vStartTimerDemoTask.str1.4
                0x000000008000efcc       0x24 ./output/TimerDemo.o
 .rodata.vApplicationMallocFailedHook.str1.4
                0x000000008000eff0       0x14 ./output/main.o
 .rodata.vApplicationStackOverflowHook.str1.4
                0x000000008000f004       0x1b ./output/main.o
 *fill*         0x000000008000f01f        0x1 
 .rodata.vAssertCalled.str1.4
                0x000000008000f020       0x1b ./output/main.o
 *fill*         0x000000008000f03b        0x1 
 .rodata.prvCheckTask.str1.4
                0x000000008000f03c      0x776 ./output/main_full.o
 *fill*         0x000000008000f7b2        0x2 
 .rodata.main_full.str1.4
                0x000000008000f7b4       0x16 ./output/main_full.o
 *fill*         0x000000008000f7ca        0x2 
 .rodata.str1.4
                0x000000008000f7cc       0x17 ./output/main_full.o
 *fill*         0x000000008000f7e3        0x1 
 .rodata.tiny_print.str1.4
                0x000000008000f7e4        0x7 ./output/printf-stdarg.o
 *fill*         0x000000008000f7eb        0x1 
 .rodata        0x000000008000f7ec      0x100 /home/jona/Desktop/Risc-V/install/rv32i/lib/gcc/riscv32-unknown-elf/11.1.0/libgcc.a(_clz.o)
                0x000000008000f7ec                __clz_tab
 *(.gnu.linkonce.r.*)
                0x000000008000f8ec                . = ALIGN (0x4)
                0x000000008000f8ec                _erodata = .

.rela.dyn       0x000000008000f8ec        0x0
 .rela.init     0x000000008000f8ec        0x0 ./output/tasks.o

.data.align     0x0000000080080000        0x0 load address 0x000000008000f8ec
                0x0000000080080000                . = ALIGN (0x4)
                0x0000000080080000                _data = .

.data.start     0x0000000080080000        0x0 load address 0x000000008000f8ec
                0x000000008000f8ec                _data_lma = LOADADDR (.data.start)

.data           0x0000000080080000       0x58 load address 0x000000008000f8ec
 *(.data .data.*)
 *(.gnu.linkonce.d.*)
                0x0000000080080000                . = ALIGN (0x8)
                0x0000000080080800                PROVIDE (__global_pointer$ = (. + 0x800))
 *(.sdata .sdata.*)
 .sdata.uxTopUsedPriority
                0x0000000080080000        0x4 ./output/tasks.o
                0x0000000080080000                uxTopUsedPriority
 .sdata.pullNextTime
                0x0000000080080004        0x4 ./output/port.o
                0x0000000080080004                pullNextTime
 .sdata.pxCriticalNesting
                0x0000000080080008        0x4 ./output/port.o
                0x0000000080080008                pxCriticalNesting
 .sdata.xCriticalNesting
                0x000000008008000c        0x4 ./output/port.o
                0x000000008008000c                xCriticalNesting
 .sdata.usLastCreationCount.1
                0x0000000080080010        0x2 ./output/death.o
 *fill*         0x0000000080080012        0x2 
 .sdata.xDemoStatus
                0x0000000080080014        0x4 ./output/MessageBufferAMP.o
                0x0000000080080014                xDemoStatus
 .sdata.xISRTestStatus
                0x0000000080080018        0x4 ./output/QueueOverwrite.o
 .sdata.ulExpectedReceivedFromISR.8
                0x000000008008001c        0x4 ./output/QueueSet.o
 .sdata.ulISRTxValue
                0x0000000080080020        0x4 ./output/QueueSet.o
 .sdata.xQueueSetTasksStatus
                0x0000000080080024        0x4 ./output/QueueSet.o
 .sdata.xQueueSetPollStatus
                0x0000000080080028        0x4 ./output/QueueSetPolling.o
 .sdata.xErrorStatus
                0x000000008008002c        0x4 ./output/StreamBufferDemo.o
 .sdata.xDemoStatus
                0x0000000080080030        0x4 ./output/StreamBufferInterrupt.o
 .sdata.xErrorStatus
                0x0000000080080034        0x4 ./output/TaskNotify.o
 .sdata.xErrorStatus.2
                0x0000000080080038        0x4 ./output/TaskNotifyArray.o
 .sdata.uxTick.0
                0x000000008008003c        0x4 ./output/TimerDemo.o
 .sdata.xTestStatus
                0x0000000080080040        0x4 ./output/TimerDemo.o
 .sdata.pcMessage.0
                0x0000000080080044        0x4 ./output/main_full.o
 .sdata.dev     0x0000000080080048        0x4 ./output/printf-stdarg.o
 *(.sdata2 .sdata2.*)
 *(.gnu.linkonce.s.*)
                0x0000000080080050                . = ALIGN (0x8)
 *fill*         0x000000008008004c        0x4 
 *(.srodata.cst16)
 *(.srodata.cst8)
 *(.srodata.cst4)
 *(.srodata.cst2)
 *(.srodata .srodata.*)
 .srodata.uxTimerIncrementsForOneTick
                0x0000000080080050        0x4 ./output/port.o
                0x0000000080080050                uxTimerIncrementsForOneTick
 .srodata.xISRStackTop
                0x0000000080080054        0x4 ./output/port.o
                0x0000000080080054                xISRStackTop
                0x0000000080080058                . = ALIGN (0x4)
                0x0000000080080058                _edata = .

.bss.align      0x0000000080080058        0x0 load address 0x000000008000f944
                0x0000000080080058                . = ALIGN (0x4)
                0x0000000080080058                _bss = .

.bss.start      0x0000000080080058        0x0 load address 0x000000008000f944
                0x000000008000f944                _bss_lma = LOADADDR (.bss.start)

.bss            0x0000000080080060    0x15afc load address 0x000000008000f944
 *(.sbss*)
 .sbss.pxCurrentTCB
                0x0000000080080060        0x4 ./output/tasks.o
                0x0000000080080060                pxCurrentTCB
 .sbss.pxDelayedTaskList
                0x0000000080080064        0x4 ./output/tasks.o
 .sbss.pxOverflowDelayedTaskList
                0x0000000080080068        0x4 ./output/tasks.o
 .sbss.uxCurrentNumberOfTasks
                0x000000008008006c        0x4 ./output/tasks.o
 .sbss.uxDeletedTasksWaitingCleanUp
                0x0000000080080070        0x4 ./output/tasks.o
 .sbss.uxSchedulerSuspended
                0x0000000080080074        0x4 ./output/tasks.o
 .sbss.uxTaskNumber
                0x0000000080080078        0x4 ./output/tasks.o
 .sbss.uxTopReadyPriority
                0x000000008008007c        0x4 ./output/tasks.o
 .sbss.xIdleTaskHandle
                0x0000000080080080        0x4 ./output/tasks.o
 .sbss.xNextTaskUnblockTime
                0x0000000080080084        0x4 ./output/tasks.o
 .sbss.xNumOfOverflows
                0x0000000080080088        0x4 ./output/tasks.o
 .sbss.xPendedTicks
                0x000000008008008c        0x4 ./output/tasks.o
 .sbss.xSchedulerRunning
                0x0000000080080090        0x4 ./output/tasks.o
 .sbss.xTickCount
                0x0000000080080094        0x4 ./output/tasks.o
 .sbss.xYieldPending
                0x0000000080080098        0x4 ./output/tasks.o
 .sbss.pxCurrentTimerList
                0x000000008008009c        0x4 ./output/timers.o
 .sbss.pxOverflowTimerList
                0x00000000800800a0        0x4 ./output/timers.o
 .sbss.xLastTime.2
                0x00000000800800a4        0x4 ./output/timers.o
 .sbss.xTimerQueue
                0x00000000800800a8        0x4 ./output/timers.o
 .sbss.xTimerTaskHandle
                0x00000000800800ac        0x4 ./output/timers.o
 .sbss.pxEnd    0x00000000800800b0        0x4 ./output/heap_4.o
 .sbss.xFreeBytesRemaining
                0x00000000800800b4        0x4 ./output/heap_4.o
 .sbss.xMinimumEverFreeBytesRemaining
                0x00000000800800b8        0x4 ./output/heap_4.o
 .sbss.xNumberOfSuccessfulAllocations
                0x00000000800800bc        0x4 ./output/heap_4.o
 .sbss.xNumberOfSuccessfulFrees
                0x00000000800800c0        0x4 ./output/heap_4.o
 .sbss.xStart   0x00000000800800c4        0x8 ./output/heap_4.o
 .sbss.pullMachineTimerCompareRegister
                0x00000000800800cc        0x4 ./output/port.o
                0x00000000800800cc                pullMachineTimerCompareRegister
 .sbss.ullNextTime
                0x00000000800800d0        0x8 ./output/port.o
                0x00000000800800d0                ullNextTime
 .sbss.xTaskReturnAddress
                0x00000000800800d8        0x4 ./output/port.o
                0x00000000800800d8                xTaskReturnAddress
 .sbss.ucQueueStorage.4
                0x00000000800800dc        0x1 ./output/AbortDelay.o
 *fill*         0x00000000800800dd        0x3 
 .sbss.ucStorageBuffer.2
                0x00000000800800e0        0x5 ./output/AbortDelay.o
 *fill*         0x00000000800800e5        0x3 
 .sbss.xBlockingCycles
                0x00000000800800e8        0x4 ./output/AbortDelay.o
 .sbss.xControllingCycles
                0x00000000800800ec        0x4 ./output/AbortDelay.o
 .sbss.xErrorOccurred
                0x00000000800800f0        0x4 ./output/AbortDelay.o
 .sbss.xLastBlockingCycleCount.0
                0x00000000800800f4        0x4 ./output/AbortDelay.o
 .sbss.xLastControllingCycleCount.1
                0x00000000800800f8        0x4 ./output/AbortDelay.o
 .sbss.xErrorOccurred
                0x00000000800800fc        0x4 ./output/blocktim.o
 .sbss.xLastPrimaryCycleCount.1
                0x0000000080080100        0x4 ./output/blocktim.o
 .sbss.xLastSecondaryCycleCount.0
                0x0000000080080104        0x4 ./output/blocktim.o
 .sbss.xPrimaryCycles
                0x0000000080080108        0x4 ./output/blocktim.o
 .sbss.xRunIndicator
                0x000000008008010c        0x4 ./output/blocktim.o
 .sbss.xSecondary
                0x0000000080080110        0x4 ./output/blocktim.o
 .sbss.xSecondaryCycles
                0x0000000080080114        0x4 ./output/blocktim.o
 .sbss.xTestQueue
                0x0000000080080118        0x4 ./output/blocktim.o
 .sbss.uxLastCount0.1
                0x000000008008011c        0x4 ./output/countsem.o
 .sbss.uxLastCount1.0
                0x0000000080080120        0x4 ./output/countsem.o
 .sbss.xErrorDetected
                0x0000000080080124        0x4 ./output/countsem.o
 .sbss.usCreationCount
                0x0000000080080128        0x2 ./output/death.o
 *fill*         0x000000008008012a        0x2 
 .sbss.uxTasksRunningAtStart
                0x000000008008012c        0x4 ./output/death.o
 .sbss.xCreatedTask
                0x0000000080080130        0x4 ./output/death.o
                0x0000000080080130                xCreatedTask
 .sbss.ulCounter
                0x0000000080080134        0x4 ./output/dynamic.o
 .sbss.ulExpectedValue
                0x0000000080080138        0x4 ./output/dynamic.o
 .sbss.ulLastExpectedValue.0
                0x000000008008013c        0x4 ./output/dynamic.o
 .sbss.ulValueToSend.2
                0x0000000080080140        0x4 ./output/dynamic.o
 .sbss.usCheckVariable
                0x0000000080080144        0x2 ./output/dynamic.o
 .sbss.usLastTaskCheck.1
                0x0000000080080146        0x2 ./output/dynamic.o
 .sbss.xContinuousIncrementHandle
                0x0000000080080148        0x4 ./output/dynamic.o
 .sbss.xLimitedIncrementHandle
                0x000000008008014c        0x4 ./output/dynamic.o
 .sbss.xSuspendedQueueReceiveError
                0x0000000080080150        0x4 ./output/dynamic.o
 .sbss.xSuspendedQueueSendError
                0x0000000080080154        0x4 ./output/dynamic.o
 .sbss.xSuspendedTestQueue
                0x0000000080080158        0x4 ./output/dynamic.o
                0x0000000080080158                xSuspendedTestQueue
 .sbss.ulISRCycles
                0x000000008008015c        0x4 ./output/EventGroupsDemo.o
 .sbss.ulPreviousISRCycles.0
                0x0000000080080160        0x4 ./output/EventGroupsDemo.o
 .sbss.ulPreviousSetBitCycles.2
                0x0000000080080164        0x4 ./output/EventGroupsDemo.o
 .sbss.ulPreviousWaitBitCycles.1
                0x0000000080080168        0x4 ./output/EventGroupsDemo.o
 .sbss.ulTestMasterCycles
                0x000000008008016c        0x4 ./output/EventGroupsDemo.o
 .sbss.ulTestSlaveCycles
                0x0000000080080170        0x4 ./output/EventGroupsDemo.o
 .sbss.xCallCount.4
                0x0000000080080174        0x4 ./output/EventGroupsDemo.o
 .sbss.xEventGroup
                0x0000000080080178        0x4 ./output/EventGroupsDemo.o
 .sbss.xISREventGroup
                0x000000008008017c        0x4 ./output/EventGroupsDemo.o
 .sbss.xISRTestError.3
                0x0000000080080180        0x4 ./output/EventGroupsDemo.o
 .sbss.xSyncTask1
                0x0000000080080184        0x4 ./output/EventGroupsDemo.o
 .sbss.xSyncTask2
                0x0000000080080188        0x4 ./output/EventGroupsDemo.o
 .sbss.ulGuardedVariable
                0x000000008008018c        0x4 ./output/GenQTest.o
 .sbss.ulLastLoopCounter.1
                0x0000000080080190        0x4 ./output/GenQTest.o
 .sbss.ulLastLoopCounter2.0
                0x0000000080080194        0x4 ./output/GenQTest.o
 .sbss.ulLoopCounter
                0x0000000080080198        0x4 ./output/GenQTest.o
 .sbss.ulLoopCounter2
                0x000000008008019c        0x4 ./output/GenQTest.o
 .sbss.uxLoopCount.2
                0x00000000800801a0        0x4 ./output/GenQTest.o
 .sbss.xBlockWasAborted
                0x00000000800801a4        0x4 ./output/GenQTest.o
 .sbss.xErrorDetected
                0x00000000800801a8        0x4 ./output/GenQTest.o
 .sbss.xHighPriorityMutexTask
                0x00000000800801ac        0x4 ./output/GenQTest.o
 .sbss.xMediumPriorityMutexTask
                0x00000000800801b0        0x4 ./output/GenQTest.o
 .sbss.xSecondMediumPriorityMutexTask
                0x00000000800801b4        0x4 ./output/GenQTest.o
 .sbss.ulCountingSemaphoreLoops
                0x00000000800801b8        0x4 ./output/IntSemTest.o
 .sbss.ulLastCountingSemaphoreLoops.0
                0x00000000800801bc        0x4 ./output/IntSemTest.o
 .sbss.ulLastMasterLoopCounter.1
                0x00000000800801c0        0x4 ./output/IntSemTest.o
 .sbss.ulMasterLoops
                0x00000000800801c4        0x4 ./output/IntSemTest.o
 .sbss.xErrorDetected
                0x00000000800801c8        0x4 ./output/IntSemTest.o
 .sbss.xISRCountingSemaphore
                0x00000000800801cc        0x4 ./output/IntSemTest.o
 .sbss.xISRMutex
                0x00000000800801d0        0x4 ./output/IntSemTest.o
 .sbss.xLastGiveTime.2
                0x00000000800801d4        0x4 ./output/IntSemTest.o
 .sbss.xMasterSlaveMutex
                0x00000000800801d8        0x4 ./output/IntSemTest.o
 .sbss.xOkToGiveCountingSemaphore
                0x00000000800801dc        0x4 ./output/IntSemTest.o
 .sbss.xOkToGiveMutex
                0x00000000800801e0        0x4 ./output/IntSemTest.o
 .sbss.xSlaveHandle
                0x00000000800801e4        0x4 ./output/IntSemTest.o
 .sbss.ulCycleCounters
                0x00000000800801e8        0x8 ./output/MessageBufferAMP.o
 .sbss.ulLastCycleCounters.0
                0x00000000800801f0        0x8 ./output/MessageBufferAMP.o
 .sbss.xControlMessageBuffer
                0x00000000800801f8        0x4 ./output/MessageBufferAMP.o
 .sbss.xCoreBMessageBuffers
                0x00000000800801fc        0x8 ./output/MessageBufferAMP.o
 .sbss.ulEchoLoopCounters
                0x0000000080080204        0x8 ./output/MessageBufferDemo.o
 .sbss.ulLastEchoLoopCounters.3
                0x000000008008020c        0x8 ./output/MessageBufferDemo.o
 .sbss.ulLastNonBlockingRxCounter.2
                0x0000000080080214        0x4 ./output/MessageBufferDemo.o
 .sbss.ulLastSenderLoopCounters.1
                0x0000000080080218        0x8 ./output/MessageBufferDemo.o
 .sbss.ulNonBlockingRxCounter
                0x0000000080080220        0x4 ./output/MessageBufferDemo.o
 .sbss.ulSenderLoopCounters
                0x0000000080080224        0x8 ./output/MessageBufferDemo.o
 .sbss.ulSizeCoherencyTestCycles
                0x000000008008022c        0x4 ./output/MessageBufferDemo.o
 .sbss.ullastSizeCoherencyTestCycles.0
                0x0000000080080230        0x4 ./output/MessageBufferDemo.o
 .sbss.xBlockingStackSize
                0x0000000080080234        0x2 ./output/MessageBufferDemo.o
 *fill*         0x0000000080080236        0x2 
 .sbss.xCoherenceTestMessageBuffer
                0x0000000080080238        0x4 ./output/MessageBufferDemo.o
 .sbss.xPolledQueue.0
                0x000000008008023c        0x4 ./output/PollQ.o
 .sbss.xPollingConsumerCount
                0x0000000080080240        0x4 ./output/PollQ.o
 .sbss.xPollingProducerCount
                0x0000000080080244        0x4 ./output/PollQ.o
 .sbss.ulLastLoopCounter.0
                0x0000000080080248        0x4 ./output/QPeek.o
 .sbss.ulLoopCounter
                0x000000008008024c        0x4 ./output/QPeek.o
 .sbss.xErrorDetected
                0x0000000080080250        0x4 ./output/QPeek.o
 .sbss.xHighPriorityTask
                0x0000000080080254        0x4 ./output/QPeek.o
                0x0000000080080254                xHighPriorityTask
 .sbss.xHighestPriorityTask
                0x0000000080080258        0x4 ./output/QPeek.o
                0x0000000080080258                xHighestPriorityTask
 .sbss.xMediumPriorityTask
                0x000000008008025c        0x4 ./output/QPeek.o
                0x000000008008025c                xMediumPriorityTask
 .sbss.ulCallCount.0
                0x0000000080080260        0x4 ./output/QueueOverwrite.o
 .sbss.ulLoopCounter
                0x0000000080080264        0x4 ./output/QueueOverwrite.o
 .sbss.xISRQueue
                0x0000000080080268        0x4 ./output/QueueOverwrite.o
 .sbss.ePriorities.5
                0x000000008008026c        0x4 ./output/QueueSet.o
 .sbss.ulCallCount.1
                0x0000000080080270        0x4 ./output/QueueSet.o
 .sbss.ulCycleCounter
                0x0000000080080274        0x4 ./output/QueueSet.o
 .sbss.ulExpectedReceivedFromTask.7
                0x0000000080080278        0x4 ./output/QueueSet.o
 .sbss.ulLastCycleCounter.4
                0x000000008008027c        0x4 ./output/QueueSet.o
 .sbss.ulLastISRTxValue.2
                0x0000000080080280        0x4 ./output/QueueSet.o
 .sbss.ulLoops.6
                0x0000000080080284        0x4 ./output/QueueSet.o
 .sbss.uxNextRand
                0x0000000080080288        0x4 ./output/QueueSet.o
 .sbss.xQueueSet
                0x000000008008028c        0x4 ./output/QueueSet.o
 .sbss.xQueueSetReceivingTask
                0x0000000080080290        0x4 ./output/QueueSet.o
                0x0000000080080290                xQueueSetReceivingTask
 .sbss.xQueueSetSendingTask
                0x0000000080080294        0x4 ./output/QueueSet.o
                0x0000000080080294                xQueueSetSendingTask
 .sbss.xQueueToWriteTo.0
                0x0000000080080298        0x4 ./output/QueueSet.o
 .sbss.xSetupComplete
                0x000000008008029c        0x4 ./output/QueueSet.o
 .sbss.ulCallCount.2
                0x00000000800802a0        0x4 ./output/QueueSetPolling.o
 .sbss.ulCycleCounter
                0x00000000800802a4        0x4 ./output/QueueSetPolling.o
 .sbss.ulLastCycleCounter.0
                0x00000000800802a8        0x4 ./output/QueueSetPolling.o
 .sbss.ulValueToSend.1
                0x00000000800802ac        0x4 ./output/QueueSetPolling.o
 .sbss.xQueue   0x00000000800802b0        0x4 ./output/QueueSetPolling.o
 .sbss.xQueueSet
                0x00000000800802b4        0x4 ./output/QueueSetPolling.o
 .sbss.uxBlockingCycles
                0x00000000800802b8        0x4 ./output/recmutex.o
 .sbss.uxControllingCycles
                0x00000000800802bc        0x4 ./output/recmutex.o
 .sbss.uxLastBlockingCycles.1
                0x00000000800802c0        0x4 ./output/recmutex.o
 .sbss.uxLastControllingCycles.2
                0x00000000800802c4        0x4 ./output/recmutex.o
 .sbss.uxLastPollingCycles.0
                0x00000000800802c8        0x4 ./output/recmutex.o
 .sbss.uxPollingCycles
                0x00000000800802cc        0x4 ./output/recmutex.o
 .sbss.xBlockingIsSuspended
                0x00000000800802d0        0x4 ./output/recmutex.o
 .sbss.xBlockingTaskHandle
                0x00000000800802d4        0x4 ./output/recmutex.o
 .sbss.xControllingIsSuspended
                0x00000000800802d8        0x4 ./output/recmutex.o
 .sbss.xControllingTaskHandle
                0x00000000800802dc        0x4 ./output/recmutex.o
 .sbss.xErrorOccurred
                0x00000000800802e0        0x4 ./output/recmutex.o
 .sbss.xMutex   0x00000000800802e4        0x4 ./output/recmutex.o
 .sbss.sCheckVariables
                0x00000000800802e8        0x8 ./output/semtest.o
 .sbss.sLastCheckVariables.0
                0x00000000800802f0        0x8 ./output/semtest.o
 .sbss.sNextCheckVariable
                0x00000000800802f8        0x2 ./output/semtest.o
 *fill*         0x00000000800802fa        0x2 
 .sbss.ulNextRand
                0x00000000800802fc        0x4 ./output/StaticAllocation.o
 .sbss.uxCycleCounter
                0x0000000080080300        0x4 ./output/StaticAllocation.o
 .sbss.uxLastCycleCounter.0
                0x0000000080080304        0x4 ./output/StaticAllocation.o
 .sbss.xErrorOccurred
                0x0000000080080308        0x4 ./output/StaticAllocation.o
 .sbss.ulEchoLoopCounters
                0x000000008008030c        0x8 ./output/StreamBufferDemo.o
 .sbss.ulInterruptTriggerCounter
                0x0000000080080314        0x4 ./output/StreamBufferDemo.o
 .sbss.ulLastEchoLoopCounters.3
                0x0000000080080318        0x8 ./output/StreamBufferDemo.o
 .sbss.ulLastInterruptTriggerCounter.1
                0x0000000080080320        0x4 ./output/StreamBufferDemo.o
 .sbss.ulLastNonBlockingRxCounter.2
                0x0000000080080324        0x4 ./output/StreamBufferDemo.o
 .sbss.ulLastSenderLoopCounters.0
                0x0000000080080328        0x8 ./output/StreamBufferDemo.o
 .sbss.ulNonBlockingRxCounter
                0x0000000080080330        0x4 ./output/StreamBufferDemo.o
 .sbss.ulSenderLoopCounters
                0x0000000080080334        0x8 ./output/StreamBufferDemo.o
 .sbss.xInterruptStreamBuffer
                0x000000008008033c        0x4 ./output/StreamBufferDemo.o
 .sbss.xNextChar.4
                0x0000000080080340        0x4 ./output/StreamBufferDemo.o
 .sbss.ulCycleCount
                0x0000000080080344        0x4 ./output/StreamBufferInterrupt.o
 .sbss.xCallCount.1
                0x0000000080080348        0x4 ./output/StreamBufferInterrupt.o
 .sbss.xNextByteToSend.0
                0x000000008008034c        0x4 ./output/StreamBufferInterrupt.o
 .sbss.xStreamBuffer
                0x0000000080080350        0x4 ./output/StreamBufferInterrupt.o
 .sbss.ulCallCount.3
                0x0000000080080354        0x4 ./output/TaskNotify.o
 .sbss.ulLastNotifyCycleCount.0
                0x0000000080080358        0x4 ./output/TaskNotify.o
 .sbss.ulNotifyCycleCount
                0x000000008008035c        0x4 ./output/TaskNotify.o
 .sbss.ulTimerNotificationsReceived
                0x0000000080080360        0x4 ./output/TaskNotify.o
 .sbss.ulTimerNotificationsSent
                0x0000000080080364        0x4 ./output/TaskNotify.o
 .sbss.uxNextRand
                0x0000000080080368        0x4 ./output/TaskNotify.o
 .sbss.xAPIToUse.1
                0x000000008008036c        0x4 ./output/TaskNotify.o
 .sbss.xCallCount.2
                0x0000000080080370        0x4 ./output/TaskNotify.o
 .sbss.xTaskToNotify
                0x0000000080080374        0x4 ./output/TaskNotify.o
 .sbss.xTimer   0x0000000080080378        0x4 ./output/TaskNotify.o
 .sbss.ulCallCount.1
                0x000000008008037c        0x4 ./output/TaskNotifyArray.o
 .sbss.ulCallCount.7
                0x0000000080080380        0x4 ./output/TaskNotifyArray.o
 .sbss.ulCourseCycleCounter
                0x0000000080080384        0x4 ./output/TaskNotifyArray.o
 .sbss.ulFineCycleCount
                0x0000000080080388        0x4 ./output/TaskNotifyArray.o
 .sbss.ulLastCourseCycleCount.0
                0x000000008008038c        0x4 ./output/TaskNotifyArray.o
 .sbss.ulLastFineCycleCount.3
                0x0000000080080390        0x4 ./output/TaskNotifyArray.o
 .sbss.uxIndexToNotify.4
                0x0000000080080394        0x4 ./output/TaskNotifyArray.o
 .sbss.uxIndexToNotify.6
                0x0000000080080398        0x4 ./output/TaskNotifyArray.o
 .sbss.uxIndexToNotify.8
                0x000000008008039c        0x4 ./output/TaskNotifyArray.o
 .sbss.uxNextRand
                0x00000000800803a0        0x4 ./output/TaskNotifyArray.o
 .sbss.xAPIToUse.5
                0x00000000800803a4        0x4 ./output/TaskNotifyArray.o
 .sbss.xIncrementingIndexTimer
                0x00000000800803a8        0x4 ./output/TaskNotifyArray.o
 .sbss.xNotifyWhileSuspendedTimer
                0x00000000800803ac        0x4 ./output/TaskNotifyArray.o
 .sbss.xSendNotificationFromISR
                0x00000000800803b0        0x4 ./output/TaskNotifyArray.o
 .sbss.xTaskToNotify
                0x00000000800803b4        0x4 ./output/TaskNotifyArray.o
 .sbss.ucISRAutoReloadTimerCounter
                0x00000000800803b8        0x1 ./output/TimerDemo.o
 .sbss.ucISROneShotTimerCounter
                0x00000000800803b9        0x1 ./output/TimerDemo.o
 .sbss.ucIsBacklogDemoEnabled
                0x00000000800803ba        0x1 ./output/TimerDemo.o
 .sbss.ucIsStopNeededInTimerZeroCallback
                0x00000000800803bb        0x1 ./output/TimerDemo.o
 .sbss.ucOneShotTimerCounter
                0x00000000800803bc        0x1 ./output/TimerDemo.o
 *fill*         0x00000000800803bd        0x3 
 .sbss.ulLastLoopCounter.1
                0x00000000800803c0        0x4 ./output/TimerDemo.o
 .sbss.ulLoopCounter
                0x00000000800803c4        0x4 ./output/TimerDemo.o
 .sbss.uxCallCount.4
                0x00000000800803c8        0x4 ./output/TimerDemo.o
 .sbss.xBasePeriod
                0x00000000800803cc        0x4 ./output/TimerDemo.o
 .sbss.xISRAutoReloadTimer
                0x00000000800803d0        0x4 ./output/TimerDemo.o
 .sbss.xISROneShotTimer
                0x00000000800803d4        0x4 ./output/TimerDemo.o
 .sbss.xIterationsWithoutCounterIncrement.2
                0x00000000800803d8        0x4 ./output/TimerDemo.o
 .sbss.xLastCycleFrequency.3
                0x00000000800803dc        0x4 ./output/TimerDemo.o
 .sbss.xOneShotTimer
                0x00000000800803e0        0x4 ./output/TimerDemo.o
 .sbss.ulRegTest1LoopCounter
                0x00000000800803e4        0x4 ./output/main_full.o
                0x00000000800803e4                ulRegTest1LoopCounter
 .sbss.ulRegTest2LoopCounter
                0x00000000800803e8        0x4 ./output/main_full.o
                0x00000000800803e8                ulRegTest2LoopCounter
 *(.gnu.linkonce.sb.*)
 *(.bss .bss.*)
 .bss.pxReadyTasksLists
                0x00000000800803ec       0xb4 ./output/tasks.o
 .bss.xDelayedTaskList1
                0x00000000800804a0       0x14 ./output/tasks.o
 .bss.xDelayedTaskList2
                0x00000000800804b4       0x14 ./output/tasks.o
 .bss.xPendingReadyList
                0x00000000800804c8       0x14 ./output/tasks.o
 .bss.xSuspendedTaskList
                0x00000000800804dc       0x14 ./output/tasks.o
 .bss.xTasksWaitingTermination
                0x00000000800804f0       0x14 ./output/tasks.o
 .bss.xQueueRegistry
                0x0000000080080504       0x50 ./output/queue.o
                0x0000000080080504                xQueueRegistry
 .bss.ucStaticTimerQueueStorage.1
                0x0000000080080554      0x140 ./output/timers.o
 .bss.xActiveTimerList1
                0x0000000080080694       0x14 ./output/timers.o
 .bss.xActiveTimerList2
                0x00000000800806a8       0x14 ./output/timers.o
 .bss.xStaticTimerQueue.0
                0x00000000800806bc       0x54 ./output/timers.o
 .bss.ucHeap    0x0000000080080710    0x14000 ./output/heap_4.o
 .bss.xISRStack
                0x0000000080094710      0x4b0 ./output/port.o
 .bss.xEventGroupBuffer.5
                0x0000000080094bc0       0x20 ./output/AbortDelay.o
 .bss.xQueueBuffer.3
                0x0000000080094be0       0x54 ./output/AbortDelay.o
 .bss.xSemaphoreBuffer.6
                0x0000000080094c34       0x54 ./output/AbortDelay.o
 .bss.xParameters
                0x0000000080094c88       0x18 ./output/countsem.o
 .bss.ucBufferStorage
                0x0000000080094ca0       0x66 ./output/MessageBufferDemo.o
 *fill*         0x0000000080094d06        0x2 
 .bss.xStaticMessageBuffers
                0x0000000080094d08       0x48 ./output/MessageBufferDemo.o
 .bss.ulLastQueueUsedCounter.3
                0x0000000080094d50        0xc ./output/QueueSet.o
 .bss.ulQueueUsedCounter
                0x0000000080094d5c        0xc ./output/QueueSet.o
 .bss.xQueues   0x0000000080094d68        0xc ./output/QueueSet.o
 .bss.ucQueueStorageArea.2
                0x0000000080094d74       0x28 ./output/StaticAllocation.o
 .bss.uxCreatorTaskStackBuffer
                0x0000000080094d9c      0x3c0 ./output/StaticAllocation.o
 .bss.uxStackBuffer.3
                0x000000008009515c      0x1e0 ./output/StaticAllocation.o
 .bss.xCreatorTaskTCBBuffer
                0x000000008009533c       0x64 ./output/StaticAllocation.o
 .bss.xStaticQueue.1
                0x00000000800953a0       0x54 ./output/StaticAllocation.o
 .bss.ucBufferStorage
                0x00000000800953f4       0x3e ./output/StreamBufferDemo.o
 *fill*         0x0000000080095432        0x2 
 .bss.ucTempBuffer.5
                0x0000000080095434        0xa ./output/StreamBufferDemo.o
 *fill*         0x000000008009543e        0x2 
 .bss.xStaticStreamBuffers
                0x0000000080095440       0x48 ./output/StreamBufferDemo.o
 .bss.ucAutoReloadTimerCounters
                0x0000000080095488       0x15 ./output/TimerDemo.o
 *fill*         0x000000008009549d        0x3 
 .bss.xAutoReloadTimers
                0x00000000800954a0       0x54 ./output/TimerDemo.o
 .bss.uxIdleTaskStack.2
                0x00000000800954f4      0x1e0 ./output/main.o
 .bss.uxTimerTaskStack.0
                0x00000000800956d4      0x3c0 ./output/main.o
 .bss.xIdleTaskTCB.3
                0x0000000080095a94       0x64 ./output/main.o
 .bss.xTimerTaskTCB.1
                0x0000000080095af8       0x64 ./output/main.o
 *(.gnu.linkonce.b.*)
 *(COMMON)
                0x0000000080095b5c                . = ALIGN (0x4)
                0x0000000080095b5c                _ebss = .
                0x0000000080095b60                . = ALIGN (0x8)
                0x0000000080095b60                _end = .

.stack          0x0000000080095b5c      0x162
                0x0000000080095b60                . = ALIGN (0x10)
 *fill*         0x0000000080095b5c        0x4 
                0x0000000080095cbe                . = (. + __stack_size)
 *fill*         0x0000000080095b60      0x15e 
                0x0000000080095cbe                _stack_top = .
OUTPUT(./output/RTOSDemo.elf elf32-littleriscv)

.debug_info     0x0000000000000000    0x2126e
 .debug_info    0x0000000000000000     0x3431 ./output/tasks.o
 .debug_info    0x0000000000003431      0x2ab ./output/list.o
 .debug_info    0x00000000000036dc     0x2727 ./output/queue.o
 .debug_info    0x0000000000005e03     0x196b ./output/timers.o
 .debug_info    0x000000000000776e      0xda1 ./output/event_groups.o
 .debug_info    0x000000000000850f     0x18f7 ./output/stream_buffer.o
 .debug_info    0x0000000000009e06      0x638 ./output/heap_4.o
 .debug_info    0x000000000000a43e      0x2e3 ./output/port.o
 .debug_info    0x000000000000a721     0x1670 ./output/AbortDelay.o
 .debug_info    0x000000000000bd91      0x97b ./output/blocktim.o
 .debug_info    0x000000000000c70c      0x656 ./output/countsem.o
 .debug_info    0x000000000000cd62      0x44d ./output/death.o
 .debug_info    0x000000000000d1af      0x8fa ./output/dynamic.o
 .debug_info    0x000000000000daa9     0x1049 ./output/EventGroupsDemo.o
 .debug_info    0x000000000000eaf2     0x109c ./output/GenQTest.o
 .debug_info    0x000000000000fb8e      0xaf5 ./output/IntSemTest.o
 .debug_info    0x0000000000010683      0x794 ./output/MessageBufferAMP.o
 .debug_info    0x0000000000010e17     0x1eb6 ./output/MessageBufferDemo.o
 .debug_info    0x0000000000012ccd      0x4ad ./output/PollQ.o
 .debug_info    0x000000000001317a      0x80c ./output/QPeek.o
 .debug_info    0x0000000000013986      0x60e ./output/QueueOverwrite.o
 .debug_info    0x0000000000013f94     0x140c ./output/QueueSet.o
 .debug_info    0x00000000000153a0      0x458 ./output/QueueSetPolling.o
 .debug_info    0x00000000000157f8      0x6f1 ./output/recmutex.o
 .debug_info    0x0000000000015ee9      0x623 ./output/semtest.o
 .debug_info    0x000000000001650c     0x1b94 ./output/StaticAllocation.o
 .debug_info    0x00000000000180a0     0x260d ./output/StreamBufferDemo.o
 .debug_info    0x000000000001a6ad      0x4bb ./output/StreamBufferInterrupt.o
 .debug_info    0x000000000001ab68     0x1688 ./output/TaskNotify.o
 .debug_info    0x000000000001c1f0     0x2137 ./output/TaskNotifyArray.o
 .debug_info    0x000000000001e327     0x15bc ./output/TimerDemo.o
 .debug_info    0x000000000001f8e3      0x573 ./output/main.o
 .debug_info    0x000000000001fe56      0x97c ./output/main_full.o
 .debug_info    0x00000000000207d2      0x178 ./output/ns16550.o
 .debug_info    0x000000000002094a      0x67a ./output/printf-stdarg.o
 .debug_info    0x0000000000020fc4       0x23 ./output/portASM.o
 .debug_info    0x0000000000020fe7       0x24 ./output/start.o
 .debug_info    0x000000000002100b       0x25 ./output/RegTest.o
 .debug_info    0x0000000000021030       0x24 ./output/vector.o
 .debug_info    0x0000000000021054      0x142 /home/jona/Desktop/Risc-V/install/rv32i/lib/gcc/riscv32-unknown-elf/11.1.0/libgcc.a(_clzsi2.o)
 .debug_info    0x0000000000021196       0xd8 /home/jona/Desktop/Risc-V/install/rv32i/lib/gcc/riscv32-unknown-elf/11.1.0/libgcc.a(_clz.o)

.debug_abbrev   0x0000000000000000     0x585d
 .debug_abbrev  0x0000000000000000      0x4e2 ./output/tasks.o
 .debug_abbrev  0x00000000000004e2      0x118 ./output/list.o
 .debug_abbrev  0x00000000000005fa      0x3f9 ./output/queue.o
 .debug_abbrev  0x00000000000009f3      0x42a ./output/timers.o
 .debug_abbrev  0x0000000000000e1d      0x2fc ./output/event_groups.o
 .debug_abbrev  0x0000000000001119      0x31b ./output/stream_buffer.o
 .debug_abbrev  0x0000000000001434      0x2be ./output/heap_4.o
 .debug_abbrev  0x00000000000016f2      0x18d ./output/port.o
 .debug_abbrev  0x000000000000187f      0x36c ./output/AbortDelay.o
 .debug_abbrev  0x0000000000001beb      0x224 ./output/blocktim.o
 .debug_abbrev  0x0000000000001e0f      0x231 ./output/countsem.o
 .debug_abbrev  0x0000000000002040      0x1c7 ./output/death.o
 .debug_abbrev  0x0000000000002207      0x230 ./output/dynamic.o
 .debug_abbrev  0x0000000000002437      0x2bf ./output/EventGroupsDemo.o
 .debug_abbrev  0x00000000000026f6      0x23b ./output/GenQTest.o
 .debug_abbrev  0x0000000000002931      0x267 ./output/IntSemTest.o
 .debug_abbrev  0x0000000000002b98      0x254 ./output/MessageBufferAMP.o
 .debug_abbrev  0x0000000000002dec      0x2e6 ./output/MessageBufferDemo.o
 .debug_abbrev  0x00000000000030d2      0x170 ./output/PollQ.o
 .debug_abbrev  0x0000000000003242      0x1c6 ./output/QPeek.o
 .debug_abbrev  0x0000000000003408      0x188 ./output/QueueOverwrite.o
 .debug_abbrev  0x0000000000003590      0x2ff ./output/QueueSet.o
 .debug_abbrev  0x000000000000388f      0x160 ./output/QueueSetPolling.o
 .debug_abbrev  0x00000000000039ef      0x1d7 ./output/recmutex.o
 .debug_abbrev  0x0000000000003bc6      0x1e8 ./output/semtest.o
 .debug_abbrev  0x0000000000003dae      0x3dd ./output/StaticAllocation.o
 .debug_abbrev  0x000000000000418b      0x307 ./output/StreamBufferDemo.o
 .debug_abbrev  0x0000000000004492      0x1b2 ./output/StreamBufferInterrupt.o
 .debug_abbrev  0x0000000000004644      0x296 ./output/TaskNotify.o
 .debug_abbrev  0x00000000000048da      0x302 ./output/TaskNotifyArray.o
 .debug_abbrev  0x0000000000004bdc      0x33f ./output/TimerDemo.o
 .debug_abbrev  0x0000000000004f1b      0x229 ./output/main.o
 .debug_abbrev  0x0000000000005144      0x23a ./output/main_full.o
 .debug_abbrev  0x000000000000537e      0x11d ./output/ns16550.o
 .debug_abbrev  0x000000000000549b      0x23a ./output/printf-stdarg.o
 .debug_abbrev  0x00000000000056d5       0x12 ./output/portASM.o
 .debug_abbrev  0x00000000000056e7       0x14 ./output/start.o
 .debug_abbrev  0x00000000000056fb       0x14 ./output/RegTest.o
 .debug_abbrev  0x000000000000570f       0x14 ./output/vector.o